Archive member included to satisfy reference by file (symbol)

C:\Users\DELL\STM32CubeIDE\workspace_1.12.1\Tuner_STM32\Lib\libarm_cortexM4lf_math.a(arm_rfft_fast_init_f32.o)
                              ./Core/Src/main.o (arm_rfft_fast_init_f32)
C:\Users\DELL\STM32CubeIDE\workspace_1.12.1\Tuner_STM32\Lib\libarm_cortexM4lf_math.a(arm_rfft_fast_f32.o)
                              ./Core/Src/main.o (arm_rfft_fast_f32)
C:\Users\DELL\STM32CubeIDE\workspace_1.12.1\Tuner_STM32\Lib\libarm_cortexM4lf_math.a(arm_cfft_f32.o)
                              C:\Users\DELL\STM32CubeIDE\workspace_1.12.1\Tuner_STM32\Lib\libarm_cortexM4lf_math.a(arm_rfft_fast_f32.o) (arm_cfft_f32)
C:\Users\DELL\STM32CubeIDE\workspace_1.12.1\Tuner_STM32\Lib\libarm_cortexM4lf_math.a(arm_common_tables.o)
                              C:\Users\DELL\STM32CubeIDE\workspace_1.12.1\Tuner_STM32\Lib\libarm_cortexM4lf_math.a(arm_rfft_fast_init_f32.o) (twiddleCoef_rfft_4096)
C:\Users\DELL\STM32CubeIDE\workspace_1.12.1\Tuner_STM32\Lib\libarm_cortexM4lf_math.a(arm_bitreversal2.o)
                              C:\Users\DELL\STM32CubeIDE\workspace_1.12.1\Tuner_STM32\Lib\libarm_cortexM4lf_math.a(arm_cfft_f32.o) (arm_bitreversal_32)
C:\Users\DELL\STM32CubeIDE\workspace_1.12.1\Tuner_STM32\Lib\libarm_cortexM4lf_math.a(arm_cfft_radix8_f32.o)
                              C:\Users\DELL\STM32CubeIDE\workspace_1.12.1\Tuner_STM32\Lib\libarm_cortexM4lf_math.a(arm_cfft_f32.o) (arm_radix8_butterfly_f32)
c:/st/stm32cubeide_1.12.1/stm32cubeide/plugins/com.st.stm32cube.ide.mcu.externaltools.gnu-tools-for-stm32.10.3-2021.10.win32_1.0.200.202301161003/tools/bin/../lib/gcc/arm-none-eabi/10.3.1/../../../../arm-none-eabi/lib/thumb/v7e-m+fp/hard\libc_nano.a(lib_a-errno.o)
                              ./Core/Src/syscalls.o (__errno)
c:/st/stm32cubeide_1.12.1/stm32cubeide/plugins/com.st.stm32cube.ide.mcu.externaltools.gnu-tools-for-stm32.10.3-2021.10.win32_1.0.200.202301161003/tools/bin/../lib/gcc/arm-none-eabi/10.3.1/../../../../arm-none-eabi/lib/thumb/v7e-m+fp/hard\libc_nano.a(lib_a-exit.o)
                              c:/st/stm32cubeide_1.12.1/stm32cubeide/plugins/com.st.stm32cube.ide.mcu.externaltools.gnu-tools-for-stm32.10.3-2021.10.win32_1.0.200.202301161003/tools/bin/../lib/gcc/arm-none-eabi/10.3.1/../../../../arm-none-eabi/lib/thumb/v7e-m+fp/hard/crt0.o (exit)
c:/st/stm32cubeide_1.12.1/stm32cubeide/plugins/com.st.stm32cube.ide.mcu.externaltools.gnu-tools-for-stm32.10.3-2021.10.win32_1.0.200.202301161003/tools/bin/../lib/gcc/arm-none-eabi/10.3.1/../../../../arm-none-eabi/lib/thumb/v7e-m+fp/hard\libc_nano.a(lib_a-impure.o)
                              c:/st/stm32cubeide_1.12.1/stm32cubeide/plugins/com.st.stm32cube.ide.mcu.externaltools.gnu-tools-for-stm32.10.3-2021.10.win32_1.0.200.202301161003/tools/bin/../lib/gcc/arm-none-eabi/10.3.1/../../../../arm-none-eabi/lib/thumb/v7e-m+fp/hard\libc_nano.a(lib_a-exit.o) (_global_impure_ptr)
c:/st/stm32cubeide_1.12.1/stm32cubeide/plugins/com.st.stm32cube.ide.mcu.externaltools.gnu-tools-for-stm32.10.3-2021.10.win32_1.0.200.202301161003/tools/bin/../lib/gcc/arm-none-eabi/10.3.1/../../../../arm-none-eabi/lib/thumb/v7e-m+fp/hard\libc_nano.a(lib_a-init.o)
                              c:/st/stm32cubeide_1.12.1/stm32cubeide/plugins/com.st.stm32cube.ide.mcu.externaltools.gnu-tools-for-stm32.10.3-2021.10.win32_1.0.200.202301161003/tools/bin/../lib/gcc/arm-none-eabi/10.3.1/../../../../arm-none-eabi/lib/thumb/v7e-m+fp/hard/crt0.o (__libc_init_array)
c:/st/stm32cubeide_1.12.1/stm32cubeide/plugins/com.st.stm32cube.ide.mcu.externaltools.gnu-tools-for-stm32.10.3-2021.10.win32_1.0.200.202301161003/tools/bin/../lib/gcc/arm-none-eabi/10.3.1/../../../../arm-none-eabi/lib/thumb/v7e-m+fp/hard\libc_nano.a(lib_a-memset.o)
                              c:/st/stm32cubeide_1.12.1/stm32cubeide/plugins/com.st.stm32cube.ide.mcu.externaltools.gnu-tools-for-stm32.10.3-2021.10.win32_1.0.200.202301161003/tools/bin/../lib/gcc/arm-none-eabi/10.3.1/../../../../arm-none-eabi/lib/thumb/v7e-m+fp/hard/crt0.o (memset)
c:/st/stm32cubeide_1.12.1/stm32cubeide/plugins/com.st.stm32cube.ide.mcu.externaltools.gnu-tools-for-stm32.10.3-2021.10.win32_1.0.200.202301161003/tools/bin/../lib/gcc/arm-none-eabi/10.3.1/../../../../arm-none-eabi/lib/thumb/v7e-m+fp/hard\libc_nano.a(lib_a-sprintf.o)
                              ./Core/Src/main.o (sprintf)
c:/st/stm32cubeide_1.12.1/stm32cubeide/plugins/com.st.stm32cube.ide.mcu.externaltools.gnu-tools-for-stm32.10.3-2021.10.win32_1.0.200.202301161003/tools/bin/../lib/gcc/arm-none-eabi/10.3.1/../../../../arm-none-eabi/lib/thumb/v7e-m+fp/hard\libc_nano.a(lib_a-strlen.o)
                              ./Core/Src/main.o (strlen)
c:/st/stm32cubeide_1.12.1/stm32cubeide/plugins/com.st.stm32cube.ide.mcu.externaltools.gnu-tools-for-stm32.10.3-2021.10.win32_1.0.200.202301161003/tools/bin/../lib/gcc/arm-none-eabi/10.3.1/../../../../arm-none-eabi/lib/thumb/v7e-m+fp/hard\libc_nano.a(lib_a-nano-svfprintf.o)
[...]
Memory Configuration

Name             Origin             Length             Attributes
RAM              0x0000000020000000 0x0000000000020000 xrw
FLASH            0x0000000008000000 0x0000000000080000 xr
*default*        0x0000000000000000 0xffffffffffffffff

Linker script and memory map

LOAD c:/st/stm32cubeide_1.12.1/stm32cubeide/plugins/com.st.stm32cube.ide.mcu.externaltools.gnu-tools-for-stm32.10.3-2021.10.win32_1.0.200.202301161003/tools/bin/../lib/gcc/arm-none-eabi/10.3.1/thumb/v7e-m+fp/hard/crti.o
LOAD c:/st/stm32cubeide_1.12.1/stm32cubeide/plugins/com.st.stm32cube.ide.mcu.externaltools.gnu-tools-for-stm32.10.3-2021.10.win32_1.0.200.202301161003/tools/bin/../lib/gcc/arm-none-eabi/10.3.1/thumb/v7e-m+fp/hard/crtbegin.o
LOAD c:/st/stm32cubeide_1.12.1/stm32cubeide/plugins/com.st.stm32cube.ide.mcu.externaltools.gnu-tools-for-stm32.10.3-2021.10.win32_1.0.200.202301161003/tools/bin/../lib/gcc/arm-none-eabi/10.3.1/../../../../arm-none-eabi/lib/thumb/v7e-m+fp/hard/crt0.o
LOAD ./Core/Src/i2c-lcd.o
LOAD ./Core/Src/main.o
LOAD ./Core/Src/stm32f4xx_hal_msp.o
LOAD ./Core/Src/stm32f4xx_it.o
LOAD ./Core/Src/syscalls.o
LOAD ./Core/Src/sysmem.o
LOAD ./Core/Src/system_stm32f4xx.o
LOAD ./Core/Startup/startup_stm32f411retx.o
LOAD ./Drivers/STM32F4xx_HAL_Driver/Src/stm32f4xx_hal.o
LOAD ./Drivers/STM32F4xx_HAL_Driver/Src/stm32f4xx_hal_adc.o
LOAD ./Drivers/STM32F4xx_HAL_Driver/Src/stm32f4xx_hal_adc_ex.o
LOAD ./Drivers/STM32F4xx_HAL_Driver/Src/stm32f4xx_hal_cortex.o
LOAD ./Drivers/STM32F4xx_HAL_Driver/Src/stm32f4xx_hal_dma.o
LOAD ./Drivers/STM32F4xx_HAL_Driver/Src/stm32f4xx_hal_dma_ex.o
LOAD ./Drivers/STM32F4xx_HAL_Driver/Src/stm32f4xx_hal_exti.o
LOAD ./Drivers/STM32F4xx_HAL_Driver/Src/stm32f4xx_hal_flash.o
LOAD ./Drivers/STM32F4xx_HAL_Driver/Src/stm32f4xx_hal_flash_ex.o
LOAD ./Drivers/STM32F4xx_HAL_Driver/Src/stm32f4xx_hal_flash_ramfunc.o
LOAD ./Drivers/STM32F4xx_HAL_Driver/Src/stm32f4xx_hal_gpio.o
LOAD ./Drivers/STM32F4xx_HAL_Driver/Src/stm32f4xx_hal_i2c.o
LOAD ./Drivers/STM32F4xx_HAL_Driver/Src/stm32f4xx_hal_i2c_ex.o
LOAD ./Drivers/STM32F4xx_HAL_Driver/Src/stm32f4xx_hal_pwr.o
LOAD ./Drivers/STM32F4xx_HAL_Driver/Src/stm32f4xx_hal_pwr_ex.o
LOAD ./Drivers/STM32F4xx_HAL_Driver/Src/stm32f4xx_hal_rcc.o
LOAD ./Drivers/STM32F4xx_HAL_Driver/Src/stm32f4xx_hal_rcc_ex.o
LOAD ./Drivers/STM32F4xx_HAL_Driver/Src/stm32f4xx_hal_tim.o
LOAD ./Drivers/STM32F4xx_HAL_Driver/Src/stm32f4xx_hal_tim_ex.o
LOAD ./Drivers/STM32F4xx_HAL_Driver/Src/stm32f4xx_hal_uart.o
LOAD ./Drivers/STM32F4xx_HAL_Driver/Src/stm32f4xx_ll_adc.o
LOAD C:\Users\DELL\STM32CubeIDE\workspace_1.12.1\Tuner_STM32\Lib\libarm_cortexM4lf_math.a
START GROUP
LOAD c:/st/stm32cubeide_1.12.1/stm32cubeide/plugins/com.st.stm32cube.ide.mcu.externaltools.gnu-tools-for-stm32.10.3-2021.10.win32_1.0.200.202301161003/tools/bin/../lib/gcc/arm-none-eabi/10.3.1/../../../../arm-none-eabi/lib/thumb/v7e-m+fp/hard\libc_nano.a
LOAD c:/st/stm32cubeide_1.12.1/stm32cubeide/plugins/com.st.stm32cube.ide.mcu.externaltools.gnu-tools-for-stm32.10.3-2021.10.win32_1.0.200.202301161003/tools/bin/../lib/gcc/arm-none-eabi/10.3.1/../../../../arm-none-eabi/lib/thumb/v7e-m+fp/hard\libm.a
END GROUP
START GROUP
LOAD c:/st/stm32cubeide_1.12.1/stm32cubeide/plugins/com.st.stm32cube.ide.mcu.externaltools.gnu-tools-for-stm32.10.3-2021.10.win32_1.0.200.202301161003/tools/bin/../lib/gcc/arm-none-eabi/10.3.1/thumb/v7e-m+fp/hard\libgcc.a
LOAD c:/st/stm32cubeide_1.12.1/stm32cubeide/plugins/com.st.stm32cube.ide.mcu.externaltools.gnu-tools-for-stm32.10.3-2021.10.win32_1.0.200.202301161003/tools/bin/../lib/gcc/arm-none-eabi/10.3.1/../../../../arm-none-eabi/lib/thumb/v7e-m+fp/hard\libc_nano.a
END GROUP
START GROUP
LOAD c:/st/stm32cubeide_1.12.1/stm32cubeide/plugins/com.st.stm32cube.ide.mcu.externaltools.gnu-tools-for-stm32.10.3-2021.10.win32_1.0.200.202301161003/tools/bin/../lib/gcc/arm-none-eabi/10.3.1/thumb/v7e-m+fp/hard\libgcc.a
LOAD c:/st/stm32cubeide_1.12.1/stm32cubeide/plugins/com.st.stm32cube.ide.mcu.externaltools.gnu-tools-for-stm32.10.3-2021.10.win32_1.0.200.202301161003/tools/bin/../lib/gcc/arm-none-eabi/10.3.1/../../../../arm-none-eabi/lib/thumb/v7e-m+fp/hard\libc_nano.a
LOAD c:/st/stm32cubeide_1.12.1/stm32cubeide/plugins/com.st.stm32cube.ide.mcu.externaltools.gnu-tools-for-stm32.10.3-2021.10.win32_1.0.200.202301161003/tools/bin/../lib/gcc/arm-none-eabi/10.3.1/../../../../arm-none-eabi/lib/thumb/v7e-m+fp/hard\libnosys.a
END GROUP
START GROUP
LOAD c:/st/stm32cubeide_1.12.1/stm32cubeide/plugins/com.st.stm32cube.ide.mcu.externaltools.gnu-tools-for-stm32.10.3-2021.10.win32_1.0.200.202301161003/tools/bin/../lib/gcc/arm-none-eabi/10.3.1/thumb/v7e-m+fp/hard\libgcc.a
LOAD c:/st/stm32cubeide_1.12.1/stm32cubeide/plugins/com.st.stm32cube.ide.mcu.externaltools.gnu-tools-for-stm32.10.3-2021.10.win32_1.0.200.202301161003/tools/bin/../lib/gcc/arm-none-eabi/10.3.1/../../../../arm-none-eabi/lib/thumb/v7e-m+fp/hard\libc_nano.a
LOAD c:/st/stm32cubeide_1.12.1/stm32cubeide/plugins/com.st.stm32cube.ide.mcu.externaltools.gnu-tools-for-stm32.10.3-2021.10.win32_1.0.200.202301161003/tools/bin/../lib/gcc/arm-none-eabi/10.3.1/../../../../arm-none-eabi/lib/thumb/v7e-m+fp/hard\libnosys.a
END GROUP
LOAD c:/st/stm32cubeide_1.12.1/stm32cubeide/plugins/com.st.stm32cube.ide.mcu.externaltools.gnu-tools-for-stm32.10.3-2021.10.win32_1.0.200.202301161003/tools/bin/../lib/gcc/arm-none-eabi/10.3.1/thumb/v7e-m+fp/hard/crtend.o
LOAD c:/st/stm32cubeide_1.12.1/stm32cubeide/plugins/com.st.stm32cube.ide.mcu.externaltools.gnu-tools-for-stm32.10.3-2021.10.win32_1.0.200.202301161003/tools/bin/../lib/gcc/arm-none-eabi/10.3.1/thumb/v7e-m+fp/hard/crtn.o
                0x0000000020020000                _estack = (ORIGIN (RAM) + LENGTH (RAM))
                0x0000000000000200                _Min_Heap_Size = 0x200
                0x0000000000000400                _Min_Stack_Size = 0x400

.isr_vector     0x0000000008000000      0x198
                0x0000000008000000                . = ALIGN (0x4)
 *(.isr_vector)
 .isr_vector    0x0000000008000000      0x198 ./Core/Startup/startup_stm32f411retx.o
                0x0000000008000000                g_pfnVectors
                0x0000000008000198                . = ALIGN (0x4)

.text           0x00000000080001a0     0x71bc
                0x00000000080001a0                . = ALIGN (0x4)
 *(.text)
 .text          0x00000000080001a0       0x40 c:/st/stm32cubeide_1.12.1/stm32cubeide/plugins/com.st.stm32cube.ide.mcu.externaltools.gnu-tools-for-stm32.10.3-2021.10.win32_1.0.200.202301161003/tools/bin/../lib/gcc/arm-none-eabi/10.3.1/thumb/v7e-m+fp/hard/crtbegin.o
 .text          0x00000000080001e0       0xc0 C:\Users\DELL\STM32CubeIDE\workspace_1.12.1\Tuner_STM32\Lib\libarm_cortexM4lf_math.a(arm_bitreversal2.o)
                0x00000000080001e0                arm_bitreversal_32
                0x000000000800024a                arm_bitreversal_16
 .text          0x00000000080002a0       0x10 c:/st/stm32cubeide_1.12.1/stm32cubeide/plugins/com.st.stm32cube.ide.mcu.externaltools.gnu-tools-for-stm32.10.3-2021.10.win32_1.0.200.202301161003/tools/bin/../lib/gcc/arm-none-eabi/10.3.1/../../../../arm-none-eabi/lib/thumb/v7e-m+fp/hard\libc_nano.a(lib_a-strlen.o)
                0x00000000080002a0                strlen
 .text          0x00000000080002b0       0xa0 c:/st/stm32cubeide_1.12.1/stm32cubeide/plugins/com.st.stm32cube.ide.mcu.externaltools.gnu-tools-for-stm32.10.3-2021.10.win32_1.0.200.202301161003/tools/bin/../lib/gcc/arm-none-eabi/10.3.1/../../../../arm-none-eabi/lib/thumb/v7e-m+fp/hard\libc_nano.a(lib_a-memchr.o)
                0x00000000080002b0                memchr
 .text          0x0000000008000350      0x378 c:/st/stm32cubeide_1.12.1/stm32cubeide/plugins/com.st.stm32cube.ide.mcu.externaltools.gnu-tools-for-stm32.10.3-2021.10.win32_1.0.200.202301161003/tools/bin/../lib/gcc/arm-none-eabi/10.3.1/thumb/v7e-m+fp/hard\libgcc.a(_arm_addsubdf3.o)
                0x0000000008000350                __aeabi_drsub
                0x0000000008000358                __aeabi_dsub
                0x0000000008000358                __subdf3
                0x000000000800035c                __aeabi_dadd
                0x000000000800035c                __adddf3
                0x00000000080005d4                __floatunsidf
                0x00000000080005d4                __aeabi_ui2d
                0x00000000080005f4                __floatsidf
                0x00000000080005f4                __aeabi_i2d
                0x0000000008000618                __aeabi_f2d
                0x0000000008000618                __extendsfdf2
                0x000000000800065c                __floatundidf
                0x000000000800065c                __aeabi_ul2d
                0x000000000800066c                __floatdidf
                0x000000000800066c                __aeabi_l2d
 .text          0x00000000080006c8      0x424 c:/st/stm32cubeide_1.12.1/stm32cubeide/plugins/com.st.stm32cube.ide.mcu.externaltools.gnu-tools-for-stm32.10.3-2021.10.win32_1.0.200.202301161003/tools/bin/../lib/gcc/arm-none-eabi/10.3.1/thumb/v7e-m+fp/hard\libgcc.a(_arm_muldivdf3.o)
                0x00000000080006c8                __aeabi_dmul
                0x00000000080006c8                __muldf3
                0x000000000800091c                __divdf3
                0x000000000800091c                __aeabi_ddiv
 .text          0x0000000008000aec      0x110 c:/st/stm32cubeide_1.12.1/stm32cubeide/plugins/com.st.stm32cube.ide.mcu.externaltools.gnu-tools-for-stm32.10.3-2021.10.win32_1.0.200.202301161003/tools/bin/../lib/gcc/arm-none-eabi/10.3.1/thumb/v7e-m+fp/hard\libgcc.a(_arm_cmpdf2.o)
                0x0000000008000aec                __gtdf2
                0x0000000008000aec                __gedf2
                0x0000000008000af4                __ltdf2
                0x0000000008000af4                __ledf2
                0x0000000008000afc                __nedf2
                0x0000000008000afc                __eqdf2
                0x0000000008000afc                __cmpdf2
                0x0000000008000b78                __aeabi_cdrcmple
                0x0000000008000b88                __aeabi_cdcmpeq
                0x0000000008000b88                __aeabi_cdcmple
                0x0000000008000b98                __aeabi_dcmpeq
                0x0000000008000bac                __aeabi_dcmplt
                0x0000000008000bc0                __aeabi_dcmple
                0x0000000008000bd4                __aeabi_dcmpge
                0x0000000008000be8                __aeabi_dcmpgt
 .text          0x0000000008000bfc       0x2c c:/st/stm32cubeide_1.12.1/stm32cubeide/plugins/com.st.stm32cube.ide.mcu.externaltools.gnu-tools-for-stm32.10.3-2021.10.win32_1.0.200.202301161003/tools/bin/../lib/gcc/arm-none-eabi/10.3.1/thumb/v7e-m+fp/hard\libgcc.a(_arm_unorddf2.o)
                0x0000000008000bfc                __unorddf2
                0x0000000008000bfc                __aeabi_dcmpun
 .text          0x0000000008000c28       0xa0 c:/st/stm32cubeide_1.12.1/stm32cubeide/plugins/com.st.stm32cube.ide.mcu.externaltools.gnu-tools-for-stm32.10.3-2021.10.win32_1.0.200.202301161003/tools/bin/../lib/gcc/arm-none-eabi/10.3.1/thumb/v7e-m+fp/hard\libgcc.a(_arm_truncdfsf2.o)
                0x0000000008000c28                __truncdfsf2
                0x0000000008000c28                __aeabi_d2f
 .text          0x0000000008000cc8       0x30 c:/st/stm32cubeide_1.12.1/stm32cubeide/plugins/com.st.stm32cube.ide.mcu.externaltools.gnu-tools-for-stm32.10.3-2021.10.win32_1.0.200.202301161003/tools/bin/../lib/gcc/arm-none-eabi/10.3.1/thumb/v7e-m+fp/hard\libgcc.a(_aeabi_uldivmod.o)
                0x0000000008000cc8                __aeabi_uldivmod
 .text          0x0000000008000cf8      0x2d0 c:/st/stm32cubeide_1.12.1/stm32cubeide/plugins/com.st.stm32cube.ide.mcu.externaltools.gnu-tools-for-stm32.10.3-2021.10.win32_1.0.200.202301161003/tools/bin/../lib/gcc/arm-none-eabi/10.3.1/thumb/v7e-m+fp/hard\libgcc.a(_udivmoddi4.o)
                0x0000000008000cf8                __udivmoddi4
 .text          0x0000000008000fc8        0x4 c:/st/stm32cubeide_1.12.1/stm32cubeide/plugins/com.st.stm32cube.ide.mcu.externaltools.gnu-tools-for-stm32.10.3-2021.10.win32_1.0.200.202301161003/tools/bin/../lib/gcc/arm-none-eabi/10.3.1/thumb/v7e-m+fp/hard\libgcc.a(_dvmd_tls.o)
                0x0000000008000fc8                __aeabi_idiv0
                0x0000000008000fc8                __aeabi_ldiv0
 *(.text*)
 .text.lcd_send_cmd
                0x0000000008000fcc       0x60 ./Core/Src/i2c-lcd.o
                0x0000000008000fcc                lcd_send_cmd
 .text.lcd_send_data
                0x000000000800102c       0x60 ./Core/Src/i2c-lcd.o
                0x000000000800102c                lcd_send_data
 .text.lcd_put_cur
                0x000000000800108c       0x64 ./Core/Src/i2c-lcd.o
                0x000000000800108c                lcd_put_cur
 .text.lcd_init
                0x00000000080010f0       0x7a ./Core/Src/i2c-lcd.o
                0x00000000080010f0                lcd_init
 .text.lcd_send_string
                0x000000000800116a       0x2a ./Core/Src/i2c-lcd.o
                0x000000000800116a                lcd_send_string
 .text.send_float_to_lcd
                0x0000000008001194      0x15c ./Core/Src/i2c-lcd.o
                0x0000000008001194                send_float_to_lcd
 .text.calculateSamplingRate
                0x00000000080012f0       0x78 ./Core/Src/main.o
                0x00000000080012f0                calculateSamplingRate
 .text.HAL_ADC_ConvCpltCallback
                0x0000000008001368       0x2c ./Core/Src/main.o
                0x0000000008001368                HAL_ADC_ConvCpltCallback
 .text.HAL_ADC_ConvHalfCpltCallback
                0x0000000008001394       0x2c ./Core/Src/main.o
                0x0000000008001394                HAL_ADC_ConvHalfCpltCallback
 .text.Processing
                0x00000000080013c0       0x74 ./Core/Src/main.o
                0x00000000080013c0                Processing
 .text.freqCalculate
                0x0000000008001434      0x104 ./Core/Src/main.o
                0x0000000008001434                freqCalculate
 .text.calculateNoteFrequency
                0x0000000008001538       0x8c ./Core/Src/main.o
                0x0000000008001538                calculateNoteFrequency
 .text.generateFrequencyArray
                0x00000000080015c4       0x5c ./Core/Src/main.o
                0x00000000080015c4                generateFrequencyArray
 .text.findClosestNote
                0x0000000008001620      0x11c ./Core/Src/main.o
                0x0000000008001620                findClosestNote
 .text.lcd_tunerDisplay
                0x000000000800173c       0x8c ./Core/Src/main.o
                0x000000000800173c                lcd_tunerDisplay
 .text.main     0x00000000080017c8       0xa8 ./Core/Src/main.o
                0x00000000080017c8                main
 .text.SystemClock_Config
                0x0000000008001870       0xd0 ./Core/Src/main.o
                0x0000000008001870                SystemClock_Config
 .text.MX_ADC1_Init
                0x0000000008001940       0xa4 ./Core/Src/main.o
 .text.MX_I2C2_Init
                0x00000000080019e4       0x5c ./Core/Src/main.o
 .text.MX_USART2_UART_Init
                0x0000000008001a40       0x54 ./Core/Src/main.o
 .text.MX_DMA_Init
                0x0000000008001a94       0x40 ./Core/Src/main.o
 .text.MX_GPIO_Init
                0x0000000008001ad4       0xa0 ./Core/Src/main.o
 .text.Error_Handler
                0x0000000008001b74        0xa ./Core/Src/main.o
                0x0000000008001b74                Error_Handler
 *fill*         0x0000000008001b7e        0x2 
 .text.HAL_MspInit
                0x0000000008001b80       0x50 ./Core/Src/stm32f4xx_hal_msp.o
                0x0000000008001b80                HAL_MspInit
 .text.HAL_ADC_MspInit
                0x0000000008001bd0       0xf0 ./Core/Src/stm32f4xx_hal_msp.o
                0x0000000008001bd0                HAL_ADC_MspInit
 .text.HAL_I2C_MspInit
                0x0000000008001cc0       0xb0 ./Core/Src/stm32f4xx_hal_msp.o
                0x0000000008001cc0                HAL_I2C_MspInit
 .text.HAL_UART_MspInit
                0x0000000008001d70       0x90 ./Core/Src/stm32f4xx_hal_msp.o
                0x0000000008001d70                HAL_UART_MspInit
 .text.NMI_Handler
                0x0000000008001e00        0x6 ./Core/Src/stm32f4xx_it.o
                0x0000000008001e00                NMI_Handler
 .text.HardFault_Handler
                0x0000000008001e06        0x6 ./Core/Src/stm32f4xx_it.o
                0x0000000008001e06                HardFault_Handler
 .text.MemManage_Handler
                0x0000000008001e0c        0x6 ./Core/Src/stm32f4xx_it.o
                0x0000000008001e0c                MemManage_Handler
 .text.BusFault_Handler
                0x0000000008001e12        0x6 ./Core/Src/stm32f4xx_it.o
                0x0000000008001e12                BusFault_Handler
 .text.UsageFault_Handler
                0x0000000008001e18        0x6 ./Core/Src/stm32f4xx_it.o
                0x0000000008001e18                UsageFault_Handler
 .text.SVC_Handler
                0x0000000008001e1e        0xe ./Core/Src/stm32f4xx_it.o
                0x0000000008001e1e                SVC_Handler
 .text.DebugMon_Handler
                0x0000000008001e2c        0xe ./Core/Src/stm32f4xx_it.o
                0x0000000008001e2c                DebugMon_Handler
 .text.PendSV_Handler
                0x0000000008001e3a        0xe ./Core/Src/stm32f4xx_it.o
                0x0000000008001e3a                PendSV_Handler
 .text.SysTick_Handler
                0x0000000008001e48        0xc ./Core/Src/stm32f4xx_it.o
                0x0000000008001e48                SysTick_Handler
 .text.DMA2_Stream0_IRQHandler
                0x0000000008001e54       0x14 ./Core/Src/stm32f4xx_it.o
                0x0000000008001e54                DMA2_Stream0_IRQHandler
 .text._sbrk    0x0000000008001e68       0x6c ./Core/Src/sysmem.o
                0x0000000008001e68                _sbrk
 .text.SystemInit
                0x0000000008001ed4       0x24 ./Core/Src/system_stm32f4xx.o
                0x0000000008001ed4                SystemInit
 .text.Reset_Handler
                0x0000000008001ef8       0x50 ./Core/Startup/startup_stm32f411retx.o
                0x0000000008001ef8                Reset_Handler
 .text.Default_Handler
                0x0000000008001f48        0x2 ./Core/Startup/startup_stm32f411retx.o
                0x0000000008001f48                RTC_Alarm_IRQHandler
                0x0000000008001f48                EXTI2_IRQHandler
                0x0000000008001f48                SPI4_IRQHandler
                0x0000000008001f48                TIM1_CC_IRQHandler
                0x0000000008001f48                DMA2_Stream5_IRQHandler
                0x0000000008001f48                DMA1_Stream5_IRQHandler
                0x0000000008001f48                PVD_IRQHandler
                0x0000000008001f48                SDIO_IRQHandler
                0x0000000008001f48                TAMP_STAMP_IRQHandler
                0x0000000008001f48                EXTI3_IRQHandler
                0x0000000008001f48                TIM1_UP_TIM10_IRQHandler
                0x0000000008001f48                I2C3_ER_IRQHandler
                0x0000000008001f48                EXTI0_IRQHandler
                0x0000000008001f48                I2C2_EV_IRQHandler
                0x0000000008001f48                DMA1_Stream2_IRQHandler
                0x0000000008001f48                FPU_IRQHandler
                0x0000000008001f48                DMA2_Stream2_IRQHandler
                0x0000000008001f48                SPI1_IRQHandler
                0x0000000008001f48                TIM1_BRK_TIM9_IRQHandler
                0x0000000008001f48                DMA2_Stream3_IRQHandler
                0x0000000008001f48                USART6_IRQHandler
                0x0000000008001f48                TIM4_IRQHandler
                0x0000000008001f48                I2C1_EV_IRQHandler
                0x0000000008001f48                DMA1_Stream6_IRQHandler
                0x0000000008001f48                DMA1_Stream1_IRQHandler
                0x0000000008001f48                TIM3_IRQHandler
                0x0000000008001f48                RCC_IRQHandler
                0x0000000008001f48                Default_Handler
                0x0000000008001f48                EXTI15_10_IRQHandler
                0x0000000008001f48                ADC_IRQHandler
                0x0000000008001f48                DMA1_Stream7_IRQHandler
                0x0000000008001f48                SPI5_IRQHandler
                0x0000000008001f48                TIM5_IRQHandler
                0x0000000008001f48                DMA2_Stream7_IRQHandler
                0x0000000008001f48                I2C3_EV_IRQHandler
                0x0000000008001f48                EXTI9_5_IRQHandler
                0x0000000008001f48                RTC_WKUP_IRQHandler
                0x0000000008001f48                SPI2_IRQHandler
                0x0000000008001f48                DMA1_Stream0_IRQHandler
                0x0000000008001f48                EXTI4_IRQHandler
                0x0000000008001f48                WWDG_IRQHandler
                0x0000000008001f48                TIM2_IRQHandler
                0x0000000008001f48                OTG_FS_WKUP_IRQHandler
                0x0000000008001f48                TIM1_TRG_COM_TIM11_IRQHandler
                0x0000000008001f48                EXTI1_IRQHandler
                0x0000000008001f48                USART2_IRQHandler
                0x0000000008001f48                I2C2_ER_IRQHandler
                0x0000000008001f48                DMA2_Stream1_IRQHandler
                0x0000000008001f48                FLASH_IRQHandler
                0x0000000008001f48                DMA2_Stream4_IRQHandler
                0x0000000008001f48                USART1_IRQHandler
                0x0000000008001f48                OTG_FS_IRQHandler
                0x0000000008001f48                SPI3_IRQHandler
                0x0000000008001f48                DMA1_Stream4_IRQHandler
                0x0000000008001f48                I2C1_ER_IRQHandler
                0x0000000008001f48                DMA2_Stream6_IRQHandler
                0x0000000008001f48                DMA1_Stream3_IRQHandler
 *fill*         0x0000000008001f4a        0x2 
 .text.HAL_Init
                0x0000000008001f4c       0x44 ./Drivers/STM32F4xx_HAL_Driver/Src/stm32f4xx_hal.o
                0x0000000008001f4c                HAL_Init
 .text.HAL_InitTick
                0x0000000008001f90       0x60 ./Drivers/STM32F4xx_HAL_Driver/Src/stm32f4xx_hal.o
                0x0000000008001f90                HAL_InitTick
 .text.HAL_IncTick
                0x0000000008001ff0       0x28 ./Drivers/STM32F4xx_HAL_Driver/Src/stm32f4xx_hal.o
                0x0000000008001ff0                HAL_IncTick
 .text.HAL_GetTick
                0x0000000008002018       0x18 ./Drivers/STM32F4xx_HAL_Driver/Src/stm32f4xx_hal.o
                0x0000000008002018                HAL_GetTick
 .text.HAL_Delay
                0x0000000008002030       0x48 ./Drivers/STM32F4xx_HAL_Driver/Src/stm32f4xx_hal.o
                0x0000000008002030                HAL_Delay
 .text.HAL_ADC_Init
                0x0000000008002078       0x86 ./Drivers/STM32F4xx_HAL_Driver/Src/stm32f4xx_hal_adc.o
                0x0000000008002078                HAL_ADC_Init
 *fill*         0x00000000080020fe        0x2 
 .text.HAL_ADC_Start_DMA
                0x0000000008002100      0x1e0 ./Drivers/STM32F4xx_HAL_Driver/Src/stm32f4xx_hal_adc.o
                0x0000000008002100                HAL_ADC_Start_DMA
 .text.HAL_ADC_ErrorCallback
                0x00000000080022e0       0x14 ./Drivers/STM32F4xx_HAL_Driver/Src/stm32f4xx_hal_adc.o
                0x00000000080022e0                HAL_ADC_ErrorCallback
 .text.HAL_ADC_ConfigChannel
                0x00000000080022f4      0x264 ./Drivers/STM32F4xx_HAL_Driver/Src/stm32f4xx_hal_adc.o
                0x00000000080022f4                HAL_ADC_ConfigChannel
 .text.ADC_Init
                0x0000000008002558      0x1f8 ./Drivers/STM32F4xx_HAL_Driver/Src/stm32f4xx_hal_adc.o
 .text.ADC_DMAConvCplt
                0x0000000008002750       0xba ./Drivers/STM32F4xx_HAL_Driver/Src/stm32f4xx_hal_adc.o
 .text.ADC_DMAHalfConvCplt
                0x000000000800280a       0x1c ./Drivers/STM32F4xx_HAL_Driver/Src/stm32f4xx_hal_adc.o
 .text.ADC_DMAError
                0x0000000008002826       0x2e ./Drivers/STM32F4xx_HAL_Driver/Src/stm32f4xx_hal_adc.o
 .text.__NVIC_SetPriorityGrouping
                0x0000000008002854       0x48 ./Drivers/STM32F4xx_HAL_Driver/Src/stm32f4xx_hal_cortex.o
 .text.__NVIC_GetPriorityGrouping
                0x000000000800289c       0x1c ./Drivers/STM32F4xx_HAL_Driver/Src/stm32f4xx_hal_cortex.o
 .text.__NVIC_EnableIRQ
                0x00000000080028b8       0x3c ./Drivers/STM32F4xx_HAL_Driver/Src/stm32f4xx_hal_cortex.o
 .text.__NVIC_SetPriority
                0x00000000080028f4       0x54 ./Drivers/STM32F4xx_HAL_Driver/Src/stm32f4xx_hal_cortex.o
 .text.NVIC_EncodePriority
                0x0000000008002948       0x66 ./Drivers/STM32F4xx_HAL_Driver/Src/stm32f4xx_hal_cortex.o
 *fill*         0x00000000080029ae        0x2 
 .text.SysTick_Config
                0x00000000080029b0       0x44 ./Drivers/STM32F4xx_HAL_Driver/Src/stm32f4xx_hal_cortex.o
 .text.HAL_NVIC_SetPriorityGrouping
                0x00000000080029f4       0x16 ./Drivers/STM32F4xx_HAL_Driver/Src/stm32f4xx_hal_cortex.o
                0x00000000080029f4                HAL_NVIC_SetPriorityGrouping
 .text.HAL_NVIC_SetPriority
                0x0000000008002a0a       0x38 ./Drivers/STM32F4xx_HAL_Driver/Src/stm32f4xx_hal_cortex.o
                0x0000000008002a0a                HAL_NVIC_SetPriority
 .text.HAL_NVIC_EnableIRQ
                0x0000000008002a42       0x1c ./Drivers/STM32F4xx_HAL_Driver/Src/stm32f4xx_hal_cortex.o
                0x0000000008002a42                HAL_NVIC_EnableIRQ
 .text.HAL_SYSTICK_Config
                0x0000000008002a5e       0x18 ./Drivers/STM32F4xx_HAL_Driver/Src/stm32f4xx_hal_cortex.o
                0x0000000008002a5e                HAL_SYSTICK_Config
 *fill*         0x0000000008002a76        0x2 
 .text.HAL_DMA_Init
                0x0000000008002a78      0x15c ./Drivers/STM32F4xx_HAL_Driver/Src/stm32f4xx_hal_dma.o
                0x0000000008002a78                HAL_DMA_Init
 .text.HAL_DMA_Start_IT
                0x0000000008002bd4       0xb0 ./Drivers/STM32F4xx_HAL_Driver/Src/stm32f4xx_hal_dma.o
                0x0000000008002bd4                HAL_DMA_Start_IT
 .text.HAL_DMA_IRQHandler
                0x0000000008002c84      0x314 ./Drivers/STM32F4xx_HAL_Driver/Src/stm32f4xx_hal_dma.o
                0x0000000008002c84                HAL_DMA_IRQHandler
 .text.DMA_SetConfig
                0x0000000008002f98       0x5c ./Drivers/STM32F4xx_HAL_Driver/Src/stm32f4xx_hal_dma.o
 .text.DMA_CalcBaseAndBitshift
                0x0000000008002ff4       0x6c ./Drivers/STM32F4xx_HAL_Driver/Src/stm32f4xx_hal_dma.o
 .text.DMA_CheckFifoParam
                0x0000000008003060       0xf8 ./Drivers/STM32F4xx_HAL_Driver/Src/stm32f4xx_hal_dma.o
 .text.HAL_GPIO_Init
                0x0000000008003158      0x308 ./Drivers/STM32F4xx_HAL_Driver/Src/stm32f4xx_hal_gpio.o
                0x0000000008003158                HAL_GPIO_Init
 .text.HAL_GPIO_WritePin
                0x0000000008003460       0x32 ./Drivers/STM32F4xx_HAL_Driver/Src/stm32f4xx_hal_gpio.o
                0x0000000008003460                HAL_GPIO_WritePin
 *fill*         0x0000000008003492        0x2 
 .text.HAL_I2C_Init
                0x0000000008003494      0x288 ./Drivers/STM32F4xx_HAL_Driver/Src/stm32f4xx_hal_i2c.o
                0x0000000008003494                HAL_I2C_Init
 .text.HAL_I2C_Master_Transmit
                0x000000000800371c      0x1fc ./Drivers/STM32F4xx_HAL_Driver/Src/stm32f4xx_hal_i2c.o
                0x000000000800371c                HAL_I2C_Master_Transmit
 .text.I2C_MasterRequestWrite
                0x0000000008003918      0x104 ./Drivers/STM32F4xx_HAL_Driver/Src/stm32f4xx_hal_i2c.o
 .text.I2C_WaitOnFlagUntilTimeout
                0x0000000008003a1c       0xae ./Drivers/STM32F4xx_HAL_Driver/Src/stm32f4xx_hal_i2c.o
 .text.I2C_WaitOnMasterAddressFlagUntilTimeout
                0x0000000008003aca       0xfe ./Drivers/STM32F4xx_HAL_Driver/Src/stm32f4xx_hal_i2c.o
 .text.I2C_WaitOnTXEFlagUntilTimeout
                0x0000000008003bc8       0x82 ./Drivers/STM32F4xx_HAL_Driver/Src/stm32f4xx_hal_i2c.o
 .text.I2C_WaitOnBTFFlagUntilTimeout
                0x0000000008003c4a       0x82 ./Drivers/STM32F4xx_HAL_Driver/Src/stm32f4xx_hal_i2c.o
 .text.I2C_IsAcknowledgeFailed
                0x0000000008003ccc       0x5e ./Drivers/STM32F4xx_HAL_Driver/Src/stm32f4xx_hal_i2c.o
 *fill*         0x0000000008003d2a        0x2 
 .text.HAL_RCC_OscConfig
                0x0000000008003d2c      0x4f0 ./Drivers/STM32F4xx_HAL_Driver/Src/stm32f4xx_hal_rcc.o
                0x0000000008003d2c                HAL_RCC_OscConfig
 .text.HAL_RCC_ClockConfig
                0x000000000800421c      0x1cc ./Drivers/STM32F4xx_HAL_Driver/Src/stm32f4xx_hal_rcc.o
                0x000000000800421c                HAL_RCC_ClockConfig
 .text.HAL_RCC_GetSysClockFreq
                0x00000000080043e8      0x20c ./Drivers/STM32F4xx_HAL_Driver/Src/stm32f4xx_hal_rcc.o
                0x00000000080043e8                HAL_RCC_GetSysClockFreq
 .text.HAL_RCC_GetHCLKFreq
                0x00000000080045f4       0x18 ./Drivers/STM32F4xx_HAL_Driver/Src/stm32f4xx_hal_rcc.o
                0x00000000080045f4                HAL_RCC_GetHCLKFreq
 .text.HAL_RCC_GetPCLK1Freq
                0x000000000800460c       0x28 ./Drivers/STM32F4xx_HAL_Driver/Src/stm32f4xx_hal_rcc.o
                0x000000000800460c                HAL_RCC_GetPCLK1Freq
 .text.HAL_RCC_GetPCLK2Freq
                0x0000000008004634       0x28 ./Drivers/STM32F4xx_HAL_Driver/Src/stm32f4xx_hal_rcc.o
                0x0000000008004634                HAL_RCC_GetPCLK2Freq
 .text.HAL_UART_Init
                0x000000000800465c       0x9a ./Drivers/STM32F4xx_HAL_Driver/Src/stm32f4xx_hal_uart.o
                0x000000000800465c                HAL_UART_Init
 *fill*         0x00000000080046f6        0x2 
 .text.UART_SetConfig
                0x00000000080046f8      0x4e8 ./Drivers/STM32F4xx_HAL_Driver/Src/stm32f4xx_hal_uart.o
 .text.arm_rfft_fast_init_f32
                0x0000000008004be0      0x108 C:\Users\DELL\STM32CubeIDE\workspace_1.12.1\Tuner_STM32\Lib\libarm_cortexM4lf_math.a(arm_rfft_fast_init_f32.o)
                0x0000000008004be0                arm_rfft_fast_init_f32
 .text.arm_rfft_fast_f32
                0x0000000008004ce8      0x188 C:\Users\DELL\STM32CubeIDE\workspace_1.12.1\Tuner_STM32\Lib\libarm_cortexM4lf_math.a(arm_rfft_fast_f32.o)
                0x0000000008004ce8                arm_rfft_fast_f32
 .text.arm_cfft_radix8by2_f32
                0x0000000008004e70      0x1a4 C:\Users\DELL\STM32CubeIDE\workspace_1.12.1\Tuner_STM32\Lib\libarm_cortexM4lf_math.a(arm_cfft_f32.o)
                0x0000000008004e70                arm_cfft_radix8by2_f32
 .text.arm_cfft_radix8by4_f32
                0x0000000008005014      0x4bc C:\Users\DELL\STM32CubeIDE\workspace_1.12.1\Tuner_STM32\Lib\libarm_cortexM4lf_math.a(arm_cfft_f32.o)
                0x0000000008005014                arm_cfft_radix8by4_f32
 .text.arm_cfft_f32
                0x00000000080054d0       0xf4 C:\Users\DELL\STM32CubeIDE\workspace_1.12.1\Tuner_STM32\Lib\libarm_cortexM4lf_math.a(arm_cfft_f32.o)
                0x00000000080054d0                arm_cfft_f32
 .text.arm_radix8_butterfly_f32
                0x00000000080055c4      0x5c4 C:\Users\DELL\STM32CubeIDE\workspace_1.12.1\Tuner_STM32\Lib\libarm_cortexM4lf_math.a(arm_cfft_radix8_f32.o)
                0x00000000080055c4                arm_radix8_butterfly_f32
 .text.__errno  0x0000000008005b88        0xc c:/st/stm32cubeide_1.12.1/stm32cubeide/plugins/com.st.stm32cube.ide.mcu.externaltools.gnu-tools-for-stm32.10.3-2021.10.win32_1.0.200.202301161003/tools/bin/../lib/gcc/arm-none-eabi/10.3.1/../../../../arm-none-eabi/lib/thumb/v7e-m+fp/hard\libc_nano.a(lib_a-errno.o)
                0x0000000008005b88                __errno
 .text.__libc_init_array
                0x0000000008005b94       0x48 c:/st/stm32cubeide_1.12.1/stm32cubeide/plugins/com.st.stm32cube.ide.mcu.externaltools.gnu-tools-for-stm32.10.3-2021.10.win32_1.0.200.202301161003/tools/bin/../lib/gcc/arm-none-eabi/10.3.1/../../../../arm-none-eabi/lib/thumb/v7e-m+fp/hard\libc_nano.a(lib_a-init.o)
                0x0000000008005b94                __libc_init_array
 .text.memset   0x0000000008005bdc       0x10 c:/st/stm32cubeide_1.12.1/stm32cubeide/plugins/com.st.stm32cube.ide.mcu.externaltools.gnu-tools-for-stm32.10.3-2021.10.win32_1.0.200.202301161003/tools/bin/../lib/gcc/arm-none-eabi/10.3.1/../../../../arm-none-eabi/lib/thumb/v7e-m+fp/hard\libc_nano.a(lib_a-memset.o)
                0x0000000008005bdc                memset
 .text.sprintf  0x0000000008005bec       0x40 c:/st/stm32cubeide_1.12.1/stm32cubeide/plugins/com.st.stm32cube.ide.mcu.externaltools.gnu-tools-for-stm32.10.3-2021.10.win32_1.0.200.202301161003/tools/bin/../lib/gcc/arm-none-eabi/10.3.1/../../../../arm-none-eabi/lib/thumb/v7e-m+fp/hard\libc_nano.a(lib_a-sprintf.o)
                0x0000000008005bec                siprintf
                0x0000000008005bec                sprintf
 .text.__ssputs_r
                0x0000000008005c2c       0xb6 c:/st/stm32cubeide_1.12.1/stm32cubeide/plugins/com.st.stm32cube.ide.mcu.externaltools.gnu-tools-for-stm32.10.3-2021.10.win32_1.0.200.202301161003/tools/bin/../lib/gcc/arm-none-eabi/10.3.1/../../../../arm-none-eabi/lib/thumb/v7e-m+fp/hard\libc_nano.a(lib_a-nano-svfprintf.o)
                0x0000000008005c2c                __ssputs_r
 *fill*         0x0000000008005ce2        0x2 
 .text._svfprintf_r
                0x0000000008005ce4      0x200 c:/st/stm32cubeide_1.12.1/stm32cubeide/plugins/com.st.stm32cube.ide.mcu.externaltools.gnu-tools-for-stm32.10.3-2021.10.win32_1.0.200.202301161003/tools/bin/../lib/gcc/arm-none-eabi/10.3.1/../../../../arm-none-eabi/lib/thumb/v7e-m+fp/hard\libc_nano.a(lib_a-nano-svfprintf.o)
                0x0000000008005ce4                _svfiprintf_r
                0x0000000008005ce4                _svfprintf_r
 .text._printf_common
                0x0000000008005ee4       0xda c:/st/stm32cubeide_1.12.1/stm32cubeide/plugins/com.st.stm32cube.ide.mcu.externaltools.gnu-tools-for-stm32.10.3-2021.10.win32_1.0.200.202301161003/tools/bin/../lib/gcc/arm-none-eabi/10.3.1/../../../../arm-none-eabi/lib/thumb/v7e-m+fp/hard\libc_nano.a(lib_a-nano-vfprintf_i.o)
                0x0000000008005ee4                _printf_common
 *fill*         0x0000000008005fbe        0x2 
 .text._printf_i
                0x0000000008005fc0      0x24c c:/st/stm32cubeide_1.12.1/stm32cubeide/plugins/com.st.stm32cube.ide.mcu.externaltools.gnu-tools-for-stm32.10.3-2021.10.win32_1.0.200.202301161003/tools/bin/../lib/gcc/arm-none-eabi/10.3.1/../../../../arm-none-eabi/lib/thumb/v7e-m+fp/hard\libc_nano.a(lib_a-nano-vfprintf_i.o)
                0x0000000008005fc0                _printf_i
 .text.memcpy   0x000000000800620c       0x1c c:/st/stm32cubeide_1.12.1/stm32cubeide/plugins/com.st.stm32cube.ide.mcu.externaltools.gnu-tools-for-stm32.10.3-2021.10.win32_1.0.200.202301161003/tools/bin/../lib/gcc/arm-none-eabi/10.3.1/../../../../arm-none-eabi/lib/thumb/v7e-m+fp/hard\libc_nano.a(lib_a-memcpy-stub.o)
                0x000000000800620c                memcpy
 .text.memmove  0x0000000008006228       0x34 c:/st/stm32cubeide_1.12.1/stm32cubeide/plugins/com.st.stm32cube.ide.mcu.externaltools.gnu-tools-for-stm32.10.3-2021.10.win32_1.0.200.202301161003/tools/bin/../lib/gcc/arm-none-eabi/10.3.1/../../../../arm-none-eabi/lib/thumb/v7e-m+fp/hard\libc_nano.a(lib_a-memmove.o)
                0x0000000008006228                memmove
 .text._free_r  0x000000000800625c       0x98 c:/st/stm32cubeide_1.12.1/stm32cubeide/plugins/com.st.stm32cube.ide.mcu.externaltools.gnu-tools-for-stm32.10.3-2021.10.win32_1.0.200.202301161003/tools/bin/../lib/gcc/arm-none-eabi/10.3.1/../../../../arm-none-eabi/lib/thumb/v7e-m+fp/hard\libc_nano.a(lib_a-nano-freer.o)
                0x000000000800625c                _free_r
 .text.sbrk_aligned
                0x00000000080062f4       0x40 c:/st/stm32cubeide_1.12.1/stm32cubeide/plugins/com.st.stm32cube.ide.mcu.externaltools.gnu-tools-for-stm32.10.3-2021.10.win32_1.0.200.202301161003/tools/bin/../lib/gcc/arm-none-eabi/10.3.1/../../../../arm-none-eabi/lib/thumb/v7e-m+fp/hard\libc_nano.a(lib_a-nano-mallocr.o)
 .text._malloc_r
                0x0000000008006334       0xe8 c:/st/stm32cubeide_1.12.1/stm32cubeide/plugins/com.st.stm32cube.ide.mcu.externaltools.gnu-tools-for-stm32.10.3-2021.10.win32_1.0.200.202301161003/tools/bin/../lib/gcc/arm-none-eabi/10.3.1/../../../../arm-none-eabi/lib/thumb/v7e-m+fp/hard\libc_nano.a(lib_a-nano-mallocr.o)
                0x0000000008006334                _malloc_r
 .text._realloc_r
                0x000000000800641c       0x5e c:/st/stm32cubeide_1.12.1/stm32cubeide/plugins/com.st.stm32cube.ide.mcu.externaltools.gnu-tools-for-stm32.10.3-2021.10.win32_1.0.200.202301161003/tools/bin/../lib/gcc/arm-none-eabi/10.3.1/../../../../arm-none-eabi/lib/thumb/v7e-m+fp/hard\libc_nano.a(lib_a-nano-reallocr.o)
                0x000000000800641c                _realloc_r
 *fill*         0x000000000800647a        0x2 
 .text._sbrk_r  0x000000000800647c       0x20 c:/st/stm32cubeide_1.12.1/stm32cubeide/plugins/com.st.stm32cube.ide.mcu.externaltools.gnu-tools-for-stm32.10.3-2021.10.win32_1.0.200.202301161003/tools/bin/../lib/gcc/arm-none-eabi/10.3.1/../../../../arm-none-eabi/lib/thumb/v7e-m+fp/hard\libc_nano.a(lib_a-sbrkr.o)
                0x000000000800647c                _sbrk_r
 .text.__malloc_lock
                0x000000000800649c        0xc c:/st/stm32cubeide_1.12.1/stm32cubeide/plugins/com.st.stm32cube.ide.mcu.externaltools.gnu-tools-for-stm32.10.3-2021.10.win32_1.0.200.202301161003/tools/bin/../lib/gcc/arm-none-eabi/10.3.1/../../../../arm-none-eabi/lib/thumb/v7e-m+fp/hard\libc_nano.a(lib_a-mlock.o)
                0x000000000800649c                __malloc_lock
 .text.__malloc_unlock
                0x00000000080064a8        0xc c:/st/stm32cubeide_1.12.1/stm32cubeide/plugins/com.st.stm32cube.ide.mcu.externaltools.gnu-tools-for-stm32.10.3-2021.10.win32_1.0.200.202301161003/tools/bin/../lib/gcc/arm-none-eabi/10.3.1/../../../../arm-none-eabi/lib/thumb/v7e-m+fp/hard\libc_nano.a(lib_a-mlock.o)
                0x00000000080064a8                __malloc_unlock
 .text._malloc_usable_size_r
                0x00000000080064b4       0x10 c:/st/stm32cubeide_1.12.1/stm32cubeide/plugins/com.st.stm32cube.ide.mcu.externaltools.gnu-tools-for-stm32.10.3-2021.10.win32_1.0.200.202301161003/tools/bin/../lib/gcc/arm-none-eabi/10.3.1/../../../../arm-none-eabi/lib/thumb/v7e-m+fp/hard\libc_nano.a(lib_a-nano-msizer.o)
                0x00000000080064b4                _malloc_usable_size_r
 .text.__retarget_lock_acquire_recursive
                0x00000000080064c4        0x2 c:/st/stm32cubeide_1.12.1/stm32cubeide/plugins/com.st.stm32cube.ide.mcu.externaltools.gnu-tools-for-stm32.10.3-2021.10.win32_1.0.200.202301161003/tools/bin/../lib/gcc/arm-none-eabi/10.3.1/../../../../arm-none-eabi/lib/thumb/v7e-m+fp/hard\libc_nano.a(lib_a-lock.o)
                0x00000000080064c4                __retarget_lock_acquire_recursive
 .text.__retarget_lock_release_recursive
                0x00000000080064c6        0x2 c:/st/stm32cubeide_1.12.1/stm32cubeide/plugins/com.st.stm32cube.ide.mcu.externaltools.gnu-tools-for-stm32.10.3-2021.10.win32_1.0.200.202301161003/tools/bin/../lib/gcc/arm-none-eabi/10.3.1/../../../../arm-none-eabi/lib/thumb/v7e-m+fp/hard\libc_nano.a(lib_a-lock.o)
                0x00000000080064c6                __retarget_lock_release_recursive
 .text.pow      0x00000000080064c8       0xe0 c:/st/stm32cubeide_1.12.1/stm32cubeide/plugins/com.st.stm32cube.ide.mcu.externaltools.gnu-tools-for-stm32.10.3-2021.10.win32_1.0.200.202301161003/tools/bin/../lib/gcc/arm-none-eabi/10.3.1/../../../../arm-none-eabi/lib/thumb/v7e-m+fp/hard\libm.a(lib_a-w_pow.o)
                0x00000000080064c8                pow
 .text.sqrtf    0x00000000080065a8       0x3c c:/st/stm32cubeide_1.12.1/stm32cubeide/plugins/com.st.stm32cube.ide.mcu.externaltools.gnu-tools-for-stm32.10.3-2021.10.win32_1.0.200.202301161003/tools/bin/../lib/gcc/arm-none-eabi/10.3.1/../../../../arm-none-eabi/lib/thumb/v7e-m+fp/hard\libm.a(lib_a-wf_sqrt.o)
                0x00000000080065a8                sqrtf
 *fill*         0x00000000080065e4        0x4 
 .text.__ieee754_pow
                0x00000000080065e8      0xa5c c:/st/stm32cubeide_1.12.1/stm32cubeide/plugins/com.st.stm32cube.ide.mcu.externaltools.gnu-tools-for-stm32.10.3-2021.10.win32_1.0.200.202301161003/tools/bin/../lib/gcc/arm-none-eabi/10.3.1/../../../../arm-none-eabi/lib/thumb/v7e-m+fp/hard\libm.a(lib_a-e_pow.o)
                0x00000000080065e8                __ieee754_pow
 .text.__ieee754_sqrt
                0x0000000008007044      0x164 c:/st/stm32cubeide_1.12.1/stm32cubeide/plugins/com.st.stm32cube.ide.mcu.externaltools.gnu-tools-for-stm32.10.3-2021.10.win32_1.0.200.202301161003/tools/bin/../lib/gcc/arm-none-eabi/10.3.1/../../../../arm-none-eabi/lib/thumb/v7e-m+fp/hard\libm.a(lib_a-e_sqrt.o)
                0x0000000008007044                __ieee754_sqrt
 .text.__ieee754_sqrtf
                0x00000000080071a8        0x6 c:/st/stm32cubeide_1.12.1/stm32cubeide/plugins/com.st.stm32cube.ide.mcu.externaltools.gnu-tools-for-stm32.10.3-2021.10.win32_1.0.200.202301161003/tools/bin/../lib/gcc/arm-none-eabi/10.3.1/../../../../arm-none-eabi/lib/thumb/v7e-m+fp/hard\libm.a(lib_a-ef_sqrt.o)
                0x00000000080071a8                __ieee754_sqrtf
 .text.with_errno
                0x00000000080071ae       0x14 c:/st/stm32cubeide_1.12.1/stm32cubeide/plugins/com.st.stm32cube.ide.mcu.externaltools.gnu-tools-for-stm32.10.3-2021.10.win32_1.0.200.202301161003/tools/bin/../lib/gcc/arm-none-eabi/10.3.1/../../../../arm-none-eabi/lib/thumb/v7e-m+fp/hard\libm.a(lib_a-math_err.o)
 .text.xflow    0x00000000080071c2       0x28 c:/st/stm32cubeide_1.12.1/stm32cubeide/plugins/com.st.stm32cube.ide.mcu.externaltools.gnu-tools-for-stm32.10.3-2021.10.win32_1.0.200.202301161003/tools/bin/../lib/gcc/arm-none-eabi/10.3.1/../../../../arm-none-eabi/lib/thumb/v7e-m+fp/hard\libm.a(lib_a-math_err.o)
 .text.__math_uflow
                0x00000000080071ea       0x12 c:/st/stm32cubeide_1.12.1/stm32cubeide/plugins/com.st.stm32cube.ide.mcu.externaltools.gnu-tools-for-stm32.10.3-2021.10.win32_1.0.200.202301161003/tools/bin/../lib/gcc/arm-none-eabi/10.3.1/../../../../arm-none-eabi/lib/thumb/v7e-m+fp/hard\libm.a(lib_a-math_err.o)
                0x00000000080071ea                __math_uflow
 .text.__math_oflow
                0x00000000080071fc       0x12 c:/st/stm32cubeide_1.12.1/stm32cubeide/plugins/com.st.stm32cube.ide.mcu.externaltools.gnu-tools-for-stm32.10.3-2021.10.win32_1.0.200.202301161003/tools/bin/../lib/gcc/arm-none-eabi/10.3.1/../../../../arm-none-eabi/lib/thumb/v7e-m+fp/hard\libm.a(lib_a-math_err.o)
                0x00000000080071fc                __math_oflow
 .text.fabs     0x000000000800720e       0x12 c:/st/stm32cubeide_1.12.1/stm32cubeide/plugins/com.st.stm32cube.ide.mcu.externaltools.gnu-tools-for-stm32.10.3-2021.10.win32_1.0.200.202301161003/tools/bin/../lib/gcc/arm-none-eabi/10.3.1/../../../../arm-none-eabi/lib/thumb/v7e-m+fp/hard\libm.a(lib_a-s_fabs.o)
                0x000000000800720e                fabs
 .text.finite   0x0000000008007220       0x16 c:/st/stm32cubeide_1.12.1/stm32cubeide/plugins/com.st.stm32cube.ide.mcu.externaltools.gnu-tools-for-stm32.10.3-2021.10.win32_1.0.200.202301161003/tools/bin/../lib/gcc/arm-none-eabi/10.3.1/../../../../arm-none-eabi/lib/thumb/v7e-m+fp/hard\libm.a(lib_a-s_finite.o)
                0x0000000008007220                finite
 *fill*         0x0000000008007236        0x2 
 .text.scalbn   0x0000000008007238      0x10c c:/st/stm32cubeide_1.12.1/stm32cubeide/plugins/com.st.stm32cube.ide.mcu.externaltools.gnu-tools-for-stm32.10.3-2021.10.win32_1.0.200.202301161003/tools/bin/../lib/gcc/arm-none-eabi/10.3.1/../../../../arm-none-eabi/lib/thumb/v7e-m+fp/hard\libm.a(lib_a-s_scalbn.o)
                0x0000000008007238                scalbn
 *(.glue_7)
 .glue_7        0x0000000008007344        0x0 linker stubs
 *(.glue_7t)
 .glue_7t       0x0000000008007344        0x0 linker stubs
 *(.eh_frame)
 .eh_frame      0x0000000008007344        0x0 c:/st/stm32cubeide_1.12.1/stm32cubeide/plugins/com.st.stm32cube.ide.mcu.externaltools.gnu-tools-for-stm32.10.3-2021.10.win32_1.0.200.202301161003/tools/bin/../lib/gcc/arm-none-eabi/10.3.1/thumb/v7e-m+fp/hard/crtbegin.o
 *(.init)
 .init          0x0000000008007344        0x4 c:/st/stm32cubeide_1.12.1/stm32cubeide/plugins/com.st.stm32cube.ide.mcu.externaltools.gnu-tools-for-stm32.10.3-2021.10.win32_1.0.200.202301161003/tools/bin/../lib/gcc/arm-none-eabi/10.3.1/thumb/v7e-m+fp/hard/crti.o
                0x0000000008007344                _init
 .init          0x0000000008007348        0x8 c:/st/stm32cubeide_1.12.1/stm32cubeide/plugins/com.st.stm32cube.ide.mcu.externaltools.gnu-tools-for-stm32.10.3-2021.10.win32_1.0.200.202301161003/tools/bin/../lib/gcc/arm-none-eabi/10.3.1/thumb/v7e-m+fp/hard/crtn.o
 *(.fini)
 .fini          0x0000000008007350        0x4 c:/st/stm32cubeide_1.12.1/stm32cubeide/plugins/com.st.stm32cube.ide.mcu.externaltools.gnu-tools-for-stm32.10.3-2021.10.win32_1.0.200.202301161003/tools/bin/../lib/gcc/arm-none-eabi/10.3.1/thumb/v7e-m+fp/hard/crti.o
                0x0000000008007350                _fini
 .fini          0x0000000008007354        0x8 c:/st/stm32cubeide_1.12.1/stm32cubeide/plugins/com.st.stm32cube.ide.mcu.externaltools.gnu-tools-for-stm32.10.3-2021.10.win32_1.0.200.202301161003/tools/bin/../lib/gcc/arm-none-eabi/10.3.1/thumb/v7e-m+fp/hard/crtn.o
                0x000000000800735c                . = ALIGN (0x4)
                0x000000000800735c                _etext = .

.vfp11_veneer   0x000000000800735c        0x0
 .vfp11_veneer  0x000000000800735c        0x0 linker stubs

.v4_bx          0x000000000800735c        0x0
 .v4_bx         0x000000000800735c        0x0 linker stubs

.iplt           0x000000000800735c        0x0
 .iplt          0x000000000800735c        0x0 c:/st/stm32cubeide_1.12.1/stm32cubeide/plugins/com.st.stm32cube.ide.mcu.externaltools.gnu-tools-for-stm32.10.3-2021.10.win32_1.0.200.202301161003/tools/bin/../lib/gcc/arm-none-eabi/10.3.1/thumb/v7e-m+fp/hard/crtbegin.o

.rodata         0x0000000008007360    0x13570
                0x0000000008007360                . = ALIGN (0x4)
 *(.rodata)
 .rodata        0x0000000008007360       0x93 ./Core/Src/main.o
 *(.rodata*)
 *fill*         0x00000000080073f3        0x1 
 .rodata.AHBPrescTable
                0x00000000080073f4       0x10 ./Core/Src/system_stm32f4xx.o
                0x00000000080073f4                AHBPrescTable
 .rodata.APBPrescTable
                0x0000000008007404        0x8 ./Core/Src/system_stm32f4xx.o
                0x0000000008007404                APBPrescTable
 .rodata.flagBitshiftOffset.0
                0x000000000800740c        0x8 ./Drivers/STM32F4xx_HAL_Driver/Src/stm32f4xx_hal_dma.o
 .rodata.twiddleCoef_2048
                0x0000000008007414     0x4000 C:\Users\DELL\STM32CubeIDE\workspace_1.12.1\Tuner_STM32\Lib\libarm_cortexM4lf_math.a(arm_common_tables.o)
                0x0000000008007414                twiddleCoef_2048
 .rodata.twiddleCoef_rfft_64
                0x000000000800b414      0x100 C:\Users\DELL\STM32CubeIDE\workspace_1.12.1\Tuner_STM32\Lib\libarm_cortexM4lf_math.a(arm_common_tables.o)
                0x000000000800b414                twiddleCoef_rfft_64
 .rodata.armBitRevIndexTable64
                0x000000000800b514       0x70 C:\Users\DELL\STM32CubeIDE\workspace_1.12.1\Tuner_STM32\Lib\libarm_cortexM4lf_math.a(arm_common_tables.o)
                0x000000000800b514                armBitRevIndexTable64
 .rodata.twiddleCoef_rfft_2048
                0x000000000800b584     0x2000 C:\Users\DELL\STM32CubeIDE\workspace_1.12.1\Tuner_STM32\Lib\libarm_cortexM4lf_math.a(arm_common_tables.o)
                0x000000000800b584                twiddleCoef_rfft_2048
 .rodata.twiddleCoef_rfft_4096
                0x000000000800d584     0x4000 C:\Users\DELL\STM32CubeIDE\workspace_1.12.1\Tuner_STM32\Lib\libarm_cortexM4lf_math.a(arm_common_tables.o)
                0x000000000800d584                twiddleCoef_rfft_4096
 .rodata.twiddleCoef_256
                0x0000000008011584      0x800 C:\Users\DELL\STM32CubeIDE\workspace_1.12.1\Tuner_STM32\Lib\libarm_cortexM4lf_math.a(arm_common_tables.o)
                0x0000000008011584                twiddleCoef_256
 .rodata.twiddleCoef_16
                0x0000000008011d84       0x80 C:\Users\DELL\STM32CubeIDE\workspace_1.12.1\Tuner_STM32\Lib\libarm_cortexM4lf_math.a(arm_common_tables.o)
                0x0000000008011d84                twiddleCoef_16
 .rodata.twiddleCoef_1024
                0x0000000008011e04     0x2000 C:\Users\DELL\STM32CubeIDE\workspace_1.12.1\Tuner_STM32\Lib\libarm_cortexM4lf_math.a(arm_common_tables.o)
                0x0000000008011e04                twiddleCoef_1024
 .rodata.twiddleCoef_32
                0x0000000008013e04      0x100 C:\Users\DELL\STM32CubeIDE\workspace_1.12.1\Tuner_STM32\Lib\libarm_cortexM4lf_math.a(arm_common_tables.o)
                0x0000000008013e04                twiddleCoef_32
 .rodata.armBitRevIndexTable1024
                0x0000000008013f04      0xe10 C:\Users\DELL\STM32CubeIDE\workspace_1.12.1\Tuner_STM32\Lib\libarm_cortexM4lf_math.a(arm_common_tables.o)
                0x0000000008013f04                armBitRevIndexTable1024
 .rodata.armBitRevIndexTable16
                0x0000000008014d14       0x28 C:\Users\DELL\STM32CubeIDE\workspace_1.12.1\Tuner_STM32\Lib\libarm_cortexM4lf_math.a(arm_common_tables.o)
                0x0000000008014d14                armBitRevIndexTable16
 .rodata.twiddleCoef_rfft_32
                0x0000000008014d3c       0x80 C:\Users\DELL\STM32CubeIDE\workspace_1.12.1\Tuner_STM32\Lib\libarm_cortexM4lf_math.a(arm_common_tables.o)
                0x0000000008014d3c                twiddleCoef_rfft_32
 .rodata.armBitRevIndexTable32
                0x0000000008014dbc       0x60 C:\Users\DELL\STM32CubeIDE\workspace_1.12.1\Tuner_STM32\Lib\libarm_cortexM4lf_math.a(arm_common_tables.o)
                0x0000000008014dbc                armBitRevIndexTable32
 .rodata.twiddleCoef_128
                0x0000000008014e1c      0x400 C:\Users\DELL\STM32CubeIDE\workspace_1.12.1\Tuner_STM32\Lib\libarm_cortexM4lf_math.a(arm_common_tables.o)
                0x0000000008014e1c                twiddleCoef_128
 .rodata.twiddleCoef_512
                0x000000000801521c     0x1000 C:\Users\DELL\STM32CubeIDE\workspace_1.12.1\Tuner_STM32\Lib\libarm_cortexM4lf_math.a(arm_common_tables.o)
                0x000000000801521c                twiddleCoef_512
 .rodata.armBitRevIndexTable2048
                0x000000000801621c     0x1dc0 C:\Users\DELL\STM32CubeIDE\workspace_1.12.1\Tuner_STM32\Lib\libarm_cortexM4lf_math.a(arm_common_tables.o)
                0x000000000801621c                armBitRevIndexTable2048
 .rodata.twiddleCoef_64
                0x0000000008017fdc      0x200 C:\Users\DELL\STM32CubeIDE\workspace_1.12.1\Tuner_STM32\Lib\libarm_cortexM4lf_math.a(arm_common_tables.o)
                0x0000000008017fdc                twiddleCoef_64
 .rodata.twiddleCoef_rfft_512
                0x00000000080181dc      0x800 C:\Users\DELL\STM32CubeIDE\workspace_1.12.1\Tuner_STM32\Lib\libarm_cortexM4lf_math.a(arm_common_tables.o)
                0x00000000080181dc                twiddleCoef_rfft_512
 .rodata.armBitRevIndexTable512
                0x00000000080189dc      0x380 C:\Users\DELL\STM32CubeIDE\workspace_1.12.1\Tuner_STM32\Lib\libarm_cortexM4lf_math.a(arm_common_tables.o)
                0x00000000080189dc                armBitRevIndexTable512
 .rodata.twiddleCoef_rfft_1024
                0x0000000008018d5c     0x1000 C:\Users\DELL\STM32CubeIDE\workspace_1.12.1\Tuner_STM32\Lib\libarm_cortexM4lf_math.a(arm_common_tables.o)
                0x0000000008018d5c                twiddleCoef_rfft_1024
 .rodata.twiddleCoef_rfft_256
                0x0000000008019d5c      0x400 C:\Users\DELL\STM32CubeIDE\workspace_1.12.1\Tuner_STM32\Lib\libarm_cortexM4lf_math.a(arm_common_tables.o)
                0x0000000008019d5c                twiddleCoef_rfft_256
 .rodata.armBitRevIndexTable256
                0x000000000801a15c      0x370 C:\Users\DELL\STM32CubeIDE\workspace_1.12.1\Tuner_STM32\Lib\libarm_cortexM4lf_math.a(arm_common_tables.o)
                0x000000000801a15c                armBitRevIndexTable256
 .rodata.twiddleCoef_rfft_128
                0x000000000801a4cc      0x200 C:\Users\DELL\STM32CubeIDE\workspace_1.12.1\Tuner_STM32\Lib\libarm_cortexM4lf_math.a(arm_common_tables.o)
                0x000000000801a4cc                twiddleCoef_rfft_128
 .rodata.armBitRevIndexTable128
                0x000000000801a6cc      0x1a0 C:\Users\DELL\STM32CubeIDE\workspace_1.12.1\Tuner_STM32\Lib\libarm_cortexM4lf_math.a(arm_common_tables.o)
                0x000000000801a6cc                armBitRevIndexTable128
 .rodata._svfprintf_r.str1.1
                0x000000000801a86c       0x11 c:/st/stm32cubeide_1.12.1/stm32cubeide/plugins/com.st.stm32cube.ide.mcu.externaltools.gnu-tools-for-stm32.10.3-2021.10.win32_1.0.200.202301161003/tools/bin/../lib/gcc/arm-none-eabi/10.3.1/../../../../arm-none-eabi/lib/thumb/v7e-m+fp/hard\libc_nano.a(lib_a-nano-svfprintf.o)
 .rodata._printf_i.str1.1
                0x000000000801a87d       0x22 c:/st/stm32cubeide_1.12.1/stm32cubeide/plugins/com.st.stm32cube.ide.mcu.externaltools.gnu-tools-for-stm32.10.3-2021.10.win32_1.0.200.202301161003/tools/bin/../lib/gcc/arm-none-eabi/10.3.1/../../../../arm-none-eabi/lib/thumb/v7e-m+fp/hard\libc_nano.a(lib_a-nano-vfprintf_i.o)
 *fill*         0x000000000801a89f        0x1 
 .rodata.bp     0x000000000801a8a0       0x10 c:/st/stm32cubeide_1.12.1/stm32cubeide/plugins/com.st.stm32cube.ide.mcu.externaltools.gnu-tools-for-stm32.10.3-2021.10.win32_1.0.200.202301161003/tools/bin/../lib/gcc/arm-none-eabi/10.3.1/../../../../arm-none-eabi/lib/thumb/v7e-m+fp/hard\libm.a(lib_a-e_pow.o)
 .rodata.dp_h   0x000000000801a8b0       0x10 c:/st/stm32cubeide_1.12.1/stm32cubeide/plugins/com.st.stm32cube.ide.mcu.externaltools.gnu-tools-for-stm32.10.3-2021.10.win32_1.0.200.202301161003/tools/bin/../lib/gcc/arm-none-eabi/10.3.1/../../../../arm-none-eabi/lib/thumb/v7e-m+fp/hard\libm.a(lib_a-e_pow.o)
 .rodata.dp_l   0x000000000801a8c0       0x10 c:/st/stm32cubeide_1.12.1/stm32cubeide/plugins/com.st.stm32cube.ide.mcu.externaltools.gnu-tools-for-stm32.10.3-2021.10.win32_1.0.200.202301161003/tools/bin/../lib/gcc/arm-none-eabi/10.3.1/../../../../arm-none-eabi/lib/thumb/v7e-m+fp/hard\libm.a(lib_a-e_pow.o)
                0x000000000801a8d0                . = ALIGN (0x4)

.ARM.extab      0x000000000801a8d0        0x0
                0x000000000801a8d0                . = ALIGN (0x4)
 *(.ARM.extab* .gnu.linkonce.armextab.*)
                0x000000000801a8d0                . = ALIGN (0x4)

.ARM            0x000000000801a8d0        0x8
                0x000000000801a8d0                . = ALIGN (0x4)
                0x000000000801a8d0                __exidx_start = .
 *(.ARM.exidx*)
 .ARM.exidx     0x000000000801a8d0        0x8 c:/st/stm32cubeide_1.12.1/stm32cubeide/plugins/com.st.stm32cube.ide.mcu.externaltools.gnu-tools-for-stm32.10.3-2021.10.win32_1.0.200.202301161003/tools/bin/../lib/gcc/arm-none-eabi/10.3.1/thumb/v7e-m+fp/hard\libgcc.a(_udivmoddi4.o)
                0x000000000801a8d8                __exidx_end = .
                0x000000000801a8d8                . = ALIGN (0x4)

.rel.dyn        0x000000000801a8d8        0x0
 .rel.iplt      0x000000000801a8d8        0x0 c:/st/stm32cubeide_1.12.1/stm32cubeide/plugins/com.st.stm32cube.ide.mcu.externaltools.gnu-tools-for-stm32.10.3-2021.10.win32_1.0.200.202301161003/tools/bin/../lib/gcc/arm-none-eabi/10.3.1/thumb/v7e-m+fp/hard/crtbegin.o

.preinit_array  0x000000000801a8d8        0x0
                0x000000000801a8d8                . = ALIGN (0x4)
                0x000000000801a8d8                PROVIDE (__preinit_array_start = .)
 *(.preinit_array*)
                0x000000000801a8d8                PROVIDE (__preinit_array_end = .)
                0x000000000801a8d8                . = ALIGN (0x4)

.init_array     0x000000000801a8d8        0x4
                0x000000000801a8d8                . = ALIGN (0x4)
                0x000000000801a8d8                PROVIDE (__init_array_start = .)
 *(SORT_BY_NAME(.init_array.*))
 *(.init_array*)
 .init_array    0x000000000801a8d8        0x4 c:/st/stm32cubeide_1.12.1/stm32cubeide/plugins/com.st.stm32cube.ide.mcu.externaltools.gnu-tools-for-stm32.10.3-2021.10.win32_1.0.200.202301161003/tools/bin/../lib/gcc/arm-none-eabi/10.3.1/thumb/v7e-m+fp/hard/crtbegin.o
                0x000000000801a8dc                PROVIDE (__init_array_end = .)
                0x000000000801a8dc                . = ALIGN (0x4)

.fini_array     0x000000000801a8dc        0x4
                0x000000000801a8dc                . = ALIGN (0x4)
                [!provide]                        PROVIDE (__fini_array_start = .)
 *(SORT_BY_NAME(.fini_array.*))
 *(.fini_array*)
 .fini_array    0x000000000801a8dc        0x4 c:/st/stm32cubeide_1.12.1/stm32cubeide/plugins/com.st.stm32cube.ide.mcu.externaltools.gnu-tools-for-stm32.10.3-2021.10.win32_1.0.200.202301161003/tools/bin/../lib/gcc/arm-none-eabi/10.3.1/thumb/v7e-m+fp/hard/crtbegin.o
                [!provide]                        PROVIDE (__fini_array_end = .)
                0x000000000801a8e0                . = ALIGN (0x4)
                0x000000000801a8e0                _sidata = LOADADDR (.data)

.data           0x0000000020000000       0x74 load address 0x000000000801a8e0
                0x0000000020000000                . = ALIGN (0x4)
                0x0000000020000000                _sdata = .
 *(.data)
 *(.data*)
 .data.inBufPtr
                0x0000000020000000        0x4 ./Core/Src/main.o
                0x0000000020000000                inBufPtr
 .data.SystemCoreClock
                0x0000000020000004        0x4 ./Core/Src/system_stm32f4xx.o
                0x0000000020000004                SystemCoreClock
 .data.uwTickPrio
                0x0000000020000008        0x4 ./Drivers/STM32F4xx_HAL_Driver/Src/stm32f4xx_hal.o
                0x0000000020000008                uwTickPrio
 .data.uwTickFreq
                0x000000002000000c        0x1 ./Drivers/STM32F4xx_HAL_Driver/Src/stm32f4xx_hal.o
                0x000000002000000c                uwTickFreq
 *fill*         0x000000002000000d        0x3 
 .data._impure_ptr
                0x0000000020000010        0x4 c:/st/stm32cubeide_1.12.1/stm32cubeide/plugins/com.st.stm32cube.ide.mcu.externaltools.gnu-tools-for-stm32.10.3-2021.10.win32_1.0.200.202301161003/tools/bin/../lib/gcc/arm-none-eabi/10.3.1/../../../../arm-none-eabi/lib/thumb/v7e-m+fp/hard\libc_nano.a(lib_a-impure.o)
                0x0000000020000010                _impure_ptr
 .data.impure_data
                0x0000000020000014       0x60 c:/st/stm32cubeide_1.12.1/stm32cubeide/plugins/com.st.stm32cube.ide.mcu.externaltools.gnu-tools-for-stm32.10.3-2021.10.win32_1.0.200.202301161003/tools/bin/../lib/gcc/arm-none-eabi/10.3.1/../../../../arm-none-eabi/lib/thumb/v7e-m+fp/hard\libc_nano.a(lib_a-impure.o)
 *(.RamFunc)
 *(.RamFunc*)
                0x0000000020000074                . = ALIGN (0x4)
                0x0000000020000074                _edata = .

.igot.plt       0x0000000020000074        0x0 load address 0x000000000801a954
 .igot.plt      0x0000000020000074        0x0 c:/st/stm32cubeide_1.12.1/stm32cubeide/plugins/com.st.stm32cube.ide.mcu.externaltools.gnu-tools-for-stm32.10.3-2021.10.win32_1.0.200.202301161003/tools/bin/../lib/gcc/arm-none-eabi/10.3.1/thumb/v7e-m+fp/hard/crtbegin.o
                0x0000000020000074                . = ALIGN (0x4)

.bss            0x0000000020000074     0x7350 load address 0x000000000801a954
                0x0000000020000074                _sbss = .
                0x0000000020000074                __bss_start__ = _sbss
 *(.bss)
 .bss           0x0000000020000074       0x1c c:/st/stm32cubeide_1.12.1/stm32cubeide/plugins/com.st.stm32cube.ide.mcu.externaltools.gnu-tools-for-stm32.10.3-2021.10.win32_1.0.200.202301161003/tools/bin/../lib/gcc/arm-none-eabi/10.3.1/thumb/v7e-m+fp/hard/crtbegin.o
 *(.bss*)
 .bss.hadc1     0x0000000020000090       0x48 ./Core/Src/main.o
                0x0000000020000090                hadc1
 .bss.hdma_adc1
                0x00000000200000d8       0x60 ./Core/Src/main.o
                0x00000000200000d8                hdma_adc1
 .bss.hi2c2     0x0000000020000138       0x54 ./Core/Src/main.o
                0x0000000020000138                hi2c2
 .bss.huart2    0x000000002000018c       0x44 ./Core/Src/main.o
                0x000000002000018c                huart2
 .bss.samplingRate
                0x00000000200001d0        0x4 ./Core/Src/main.o
                0x00000000200001d0                samplingRate
 .bss.adcData   0x00000000200001d4     0x2000 ./Core/Src/main.o
                0x00000000200001d4                adcData
 .bss.processFlag
                0x00000000200021d4        0x1 ./Core/Src/main.o
                0x00000000200021d4                processFlag
 .bss.fftDoneFlag
                0x00000000200021d5        0x1 ./Core/Src/main.o
                0x00000000200021d5                fftDoneFlag
 *fill*         0x00000000200021d6        0x2 
 .bss.magnitude
                0x00000000200021d8     0x1000 ./Core/Src/main.o
                0x00000000200021d8                magnitude
 .bss.frequencyArray
                0x00000000200031d8      0x1b0 ./Core/Src/main.o
                0x00000000200031d8                frequencyArray
 .bss.freqVal   0x0000000020003388        0x4 ./Core/Src/main.o
                0x0000000020003388                freqVal
 .bss.closestNote
                0x000000002000338c        0x4 ./Core/Src/main.o
                0x000000002000338c                closestNote
 .bss.error     0x0000000020003390        0x4 ./Core/Src/main.o
                0x0000000020003390                error
 .bss.fftHandler
                0x0000000020003394       0x18 ./Core/Src/main.o
                0x0000000020003394                fftHandler
 .bss.fftBufIn  0x00000000200033ac     0x2000 ./Core/Src/main.o
                0x00000000200033ac                fftBufIn
 .bss.fftBufOut
                0x00000000200053ac     0x2000 ./Core/Src/main.o
                0x00000000200053ac                fftBufOut
 .bss.__sbrk_heap_end
                0x00000000200073ac        0x4 ./Core/Src/sysmem.o
 .bss.uwTick    0x00000000200073b0        0x4 ./Drivers/STM32F4xx_HAL_Driver/Src/stm32f4xx_hal.o
                0x00000000200073b0                uwTick
 .bss.__malloc_free_list
                0x00000000200073b4        0x4 c:/st/stm32cubeide_1.12.1/stm32cubeide/plugins/com.st.stm32cube.ide.mcu.externaltools.gnu-tools-for-stm32.10.3-2021.10.win32_1.0.200.202301161003/tools/bin/../lib/gcc/arm-none-eabi/10.3.1/../../../../arm-none-eabi/lib/thumb/v7e-m+fp/hard\libc_nano.a(lib_a-nano-mallocr.o)
                0x00000000200073b4                __malloc_free_list
 .bss.__malloc_sbrk_start
                0x00000000200073b8        0x4 c:/st/stm32cubeide_1.12.1/stm32cubeide/plugins/com.st.stm32cube.ide.mcu.externaltools.gnu-tools-for-stm32.10.3-2021.10.win32_1.0.200.202301161003/tools/bin/../lib/gcc/arm-none-eabi/10.3.1/../../../../arm-none-eabi/lib/thumb/v7e-m+fp/hard\libc_nano.a(lib_a-nano-mallocr.o)
                0x00000000200073b8                __malloc_sbrk_start
 .bss.errno     0x00000000200073bc        0x4 c:/st/stm32cubeide_1.12.1/stm32cubeide/plugins/com.st.stm32cube.ide.mcu.externaltools.gnu-tools-for-stm32.10.3-2021.10.win32_1.0.200.202301161003/tools/bin/../lib/gcc/arm-none-eabi/10.3.1/../../../../arm-none-eabi/lib/thumb/v7e-m+fp/hard\libc_nano.a(lib_a-reent.o)
                0x00000000200073bc                errno
 .bss.__lock___malloc_recursive_mutex
                0x00000000200073c0        0x1 c:/st/stm32cubeide_1.12.1/stm32cubeide/plugins/com.st.stm32cube.ide.mcu.externaltools.gnu-tools-for-stm32.10.3-2021.10.win32_1.0.200.202301161003/tools/bin/../lib/gcc/arm-none-eabi/10.3.1/../../../../arm-none-eabi/lib/thumb/v7e-m+fp/hard\libc_nano.a(lib_a-lock.o)
                0x00000000200073c0                __lock___malloc_recursive_mutex
 *(COMMON)
                0x00000000200073c4                . = ALIGN (0x4)
 *fill*         0x00000000200073c1        0x3 
                0x00000000200073c4                _ebss = .
                0x00000000200073c4                __bss_end__ = _ebss

._user_heap_stack
                0x00000000200073c4      0x604 load address 0x000000000801a954
                0x00000000200073c8                . = ALIGN (0x8)
 *fill*         0x00000000200073c4        0x4 
                [!provide]                        PROVIDE (end = .)
                0x00000000200073c8                PROVIDE (_end = .)
                0x00000000200075c8                . = (. + _Min_Heap_Size)
 *fill*         0x00000000200073c8      0x200 
                0x00000000200079c8                . = (. + _Min_Stack_Size)
 *fill*         0x00000000200075c8      0x400 
                0x00000000200079c8                . = ALIGN (0x8)

/DISCARD/
 libc.a(*)
 libm.a(*)
 libgcc.a(*)

.ARM.attributes
                0x0000000000000000       0x30
 *(.ARM.attributes)
 .ARM.attributes
                0x0000000000000000       0x1e c:/st/stm32cubeide_1.12.1/stm32cubeide/plugins/com.st.stm32cube.ide.mcu.externaltools.gnu-tools-for-stm32.10.3-2021.10.win32_1.0.200.202301161003/tools/bin/../lib/gcc/arm-none-eabi/10.3.1/thumb/v7e-m+fp/hard/crti.o
 .ARM.attributes
                0x000000000000001e       0x34 c:/st/stm32cubeide_1.12.1/stm32cubeide/plugins/com.st.stm32cube.ide.mcu.externaltools.gnu-tools-for-stm32.10.3-2021.10.win32_1.0.200.202301161003/tools/bin/../lib/gcc/arm-none-eabi/10.3.1/thumb/v7e-m+fp/hard/crtbegin.o
 .ARM.attributes
                0x0000000000000052       0x34 ./Core/Src/i2c-lcd.o
 .ARM.attributes
                0x0000000000000086       0x34 ./Core/Src/main.o
 .ARM.attributes
                0x00000000000000ba       0x34 ./Core/Src/stm32f4xx_hal_msp.o
 .ARM.attributes
                0x00000000000000ee       0x34 ./Core/Src/stm32f4xx_it.o
 .ARM.attributes
                0x0000000000000122       0x34 ./Core/Src/sysmem.o
 .ARM.attributes
                0x0000000000000156       0x34 ./Core/Src/system_stm32f4xx.o
 .ARM.attributes
                0x000000000000018a       0x21 ./Core/Startup/startup_stm32f411retx.o
 .ARM.attributes
                0x00000000000001ab       0x34 ./Drivers/STM32F4xx_HAL_Driver/Src/stm32f4xx_hal.o
 .ARM.attributes
                0x00000000000001df       0x34 ./Drivers/STM32F4xx_HAL_Driver/Src/stm32f4xx_hal_adc.o
 .ARM.attributes
                0x0000000000000213       0x34 ./Drivers/STM32F4xx_HAL_Driver/Src/stm32f4xx_hal_cortex.o
 .ARM.attributes
                0x0000000000000247       0x34 ./Drivers/STM32F4xx_HAL_Driver/Src/stm32f4xx_hal_dma.o
 .ARM.attributes
                0x000000000000027b       0x34 ./Drivers/STM32F4xx_HAL_Driver/Src/stm32f4xx_hal_gpio.o
 .ARM.attributes
                0x00000000000002af       0x34 ./Drivers/STM32F4xx_HAL_Driver/Src/stm32f4xx_hal_i2c.o
 .ARM.attributes
                0x00000000000002e3       0x34 ./Drivers/STM32F4xx_HAL_Driver/Src/stm32f4xx_hal_rcc.o
 .ARM.attributes
                0x0000000000000317       0x34 ./Drivers/STM32F4xx_HAL_Driver/Src/stm32f4xx_hal_uart.o
 .ARM.attributes
                0x000000000000034b       0x39 C:\Users\DELL\STM32CubeIDE\workspace_1.12.1\Tuner_STM32\Lib\libarm_cortexM4lf_math.a(arm_rfft_fast_init_f32.o)
 .ARM.attributes
                0x0000000000000384       0x39 C:\Users\DELL\STM32CubeIDE\workspace_1.12.1\Tuner_STM32\Lib\libarm_cortexM4lf_math.a(arm_rfft_fast_f32.o)
 .ARM.attributes
                0x00000000000003bd       0x39 C:\Users\DELL\STM32CubeIDE\workspace_1.12.1\Tuner_STM32\Lib\libarm_cortexM4lf_math.a(arm_cfft_f32.o)
 .ARM.attributes
                0x00000000000003f6       0x39 C:\Users\DELL\STM32CubeIDE\workspace_1.12.1\Tuner_STM32\Lib\libarm_cortexM4lf_math.a(arm_common_tables.o)
 .ARM.attributes
                0x000000000000042f       0x25 C:\Users\DELL\STM32CubeIDE\workspace_1.12.1\Tuner_STM32\Lib\libarm_cortexM4lf_math.a(arm_bitreversal2.o)
 .ARM.attributes
                0x0000000000000454       0x39 C:\Users\DELL\STM32CubeIDE\workspace_1.12.1\Tuner_STM32\Lib\libarm_cortexM4lf_math.a(arm_cfft_radix8_f32.o)
 .ARM.attributes
                0x000000000000048d       0x34 c:/st/stm32cubeide_1.12.1/stm32cubeide/plugins/com.st.stm32cube.ide.mcu.externaltools.gnu-tools-for-stm32.10.3-2021.10.win32_1.0.200.202301161003/tools/bin/../lib/gcc/arm-none-eabi/10.3.1/../../../../arm-none-eabi/lib/thumb/v7e-m+fp/hard\libc_nano.a(lib_a-errno.o)
 .ARM.attributes
                0x00000000000004c1       0x34 c:/st/stm32cubeide_1.12.1/stm32cubeide/plugins/com.st.stm32cube.ide.mcu.externaltools.gnu-tools-for-stm32.10.3-2021.10.win32_1.0.200.202301161003/tools/bin/../lib/gcc/arm-none-eabi/10.3.1/../../../../arm-none-eabi/lib/thumb/v7e-m+fp/hard\libc_nano.a(lib_a-impure.o)
 .ARM.attributes
                0x00000000000004f5       0x34 c:/st/stm32cubeide_1.12.1/stm32cubeide/plugins/com.st.stm32cube.ide.mcu.externaltools.gnu-tools-for-stm32.10.3-2021.10.win32_1.0.200.202301161003/tools/bin/../lib/gcc/arm-none-eabi/10.3.1/../../../../arm-none-eabi/lib/thumb/v7e-m+fp/hard\libc_nano.a(lib_a-init.o)
 .ARM.attributes
                0x0000000000000529       0x34 c:/st/stm32cubeide_1.12.1/stm32cubeide/plugins/com.st.stm32cube.ide.mcu.externaltools.gnu-tools-for-stm32.10.3-2021.10.win32_1.0.200.202301161003/tools/bin/../lib/gcc/arm-none-eabi/10.3.1/../../../../arm-none-eabi/lib/thumb/v7e-m+fp/hard\libc_nano.a(lib_a-memset.o)
 .ARM.attributes
                0x000000000000055d       0x34 c:/st/stm32cubeide_1.12.1/stm32cubeide/plugins/com.st.stm32cube.ide.mcu.externaltools.gnu-tools-for-stm32.10.3-2021.10.win32_1.0.200.202301161003/tools/bin/../lib/gcc/arm-none-eabi/10.3.1/../../../../arm-none-eabi/lib/thumb/v7e-m+fp/hard\libc_nano.a(lib_a-sprintf.o)
 .ARM.attributes
                0x0000000000000591       0x17 c:/st/stm32cubeide_1.12.1/stm32cubeide/plugins/com.st.stm32cube.ide.mcu.externaltools.gnu-tools-for-stm32.10.3-2021.10.win32_1.0.200.202301161003/tools/bin/../lib/gcc/arm-none-eabi/10.3.1/../../../../arm-none-eabi/lib/thumb/v7e-m+fp/hard\libc_nano.a(lib_a-strlen.o)
 .ARM.attributes
                0x00000000000005a8       0x34 c:/st/stm32cubeide_1.12.1/stm32cubeide/plugins/com.st.stm32cube.ide.mcu.externaltools.gnu-tools-for-stm32.10.3-2021.10.win32_1.0.200.202301161003/tools/bin/../lib/gcc/arm-none-eabi/10.3.1/../../../../arm-none-eabi/lib/thumb/v7e-m+fp/hard\libc_nano.a(lib_a-nano-svfprintf.o)
 .ARM.attributes
                0x00000000000005dc       0x34 c:/st/stm32cubeide_1.12.1/stm32cubeide/plugins/com.st.stm32cube.ide.mcu.externaltools.gnu-tools-for-stm32.10.3-2021.10.win32_1.0.200.202301161003/tools/bin/../lib/gcc/arm-none-eabi/10.3.1/../../../../arm-none-eabi/lib/thumb/v7e-m+fp/hard\libc_nano.a(lib_a-nano-vfprintf_i.o)
 .ARM.attributes
                0x0000000000000610       0x1c c:/st/stm32cubeide_1.12.1/stm32cubeide/plugins/com.st.stm32cube.ide.mcu.externaltools.gnu-tools-for-stm32.10.3-2021.10.win32_1.0.200.202301161003/tools/bin/../lib/gcc/arm-none-eabi/10.3.1/../../../../arm-none-eabi/lib/thumb/v7e-m+fp/hard\libc_nano.a(lib_a-memchr.o)
 .ARM.attributes
                0x000000000000062c       0x34 c:/st/stm32cubeide_1.12.1/stm32cubeide/plugins/com.st.stm32cube.ide.mcu.externaltools.gnu-tools-for-stm32.10.3-2021.10.win32_1.0.200.202301161003/tools/bin/../lib/gcc/arm-none-eabi/10.3.1/../../../../arm-none-eabi/lib/thumb/v7e-m+fp/hard\libc_nano.a(lib_a-memcpy-stub.o)
 .ARM.attributes
                0x0000000000000660       0x34 c:/st/stm32cubeide_1.12.1/stm32cubeide/plugins/com.st.stm32cube.ide.mcu.externaltools.gnu-tools-for-stm32.10.3-2021.10.win32_1.0.200.202301161003/tools/bin/../lib/gcc/arm-none-eabi/10.3.1/../../../../arm-none-eabi/lib/thumb/v7e-m+fp/hard\libc_nano.a(lib_a-memmove.o)
 .ARM.attributes
                0x0000000000000694       0x34 c:/st/stm32cubeide_1.12.1/stm32cubeide/plugins/com.st.stm32cube.ide.mcu.externaltools.gnu-tools-for-stm32.10.3-2021.10.win32_1.0.200.202301161003/tools/bin/../lib/gcc/arm-none-eabi/10.3.1/../../../../arm-none-eabi/lib/thumb/v7e-m+fp/hard\libc_nano.a(lib_a-nano-freer.o)
 .ARM.attributes
                0x00000000000006c8       0x34 c:/st/stm32cubeide_1.12.1/stm32cubeide/plugins/com.st.stm32cube.ide.mcu.externaltools.gnu-tools-for-stm32.10.3-2021.10.win32_1.0.200.202301161003/tools/bin/../lib/gcc/arm-none-eabi/10.3.1/../../../../arm-none-eabi/lib/thumb/v7e-m+fp/hard\libc_nano.a(lib_a-nano-mallocr.o)
 .ARM.attributes
                0x00000000000006fc       0x34 c:/st/stm32cubeide_1.12.1/stm32cubeide/plugins/com.st.stm32cube.ide.mcu.externaltools.gnu-tools-for-stm32.10.3-2021.10.win32_1.0.200.202301161003/tools/bin/../lib/gcc/arm-none-eabi/10.3.1/../../../../arm-none-eabi/lib/thumb/v7e-m+fp/hard\libc_nano.a(lib_a-nano-reallocr.o)
 .ARM.attributes
                0x0000000000000730       0x34 c:/st/stm32cubeide_1.12.1/stm32cubeide/plugins/com.st.stm32cube.ide.mcu.externaltools.gnu-tools-for-stm32.10.3-2021.10.win32_1.0.200.202301161003/tools/bin/../lib/gcc/arm-none-eabi/10.3.1/../../../../arm-none-eabi/lib/thumb/v7e-m+fp/hard\libc_nano.a(lib_a-sbrkr.o)
 .ARM.attributes
                0x0000000000000764       0x34 c:/st/stm32cubeide_1.12.1/stm32cubeide/plugins/com.st.stm32cube.ide.mcu.externaltools.gnu-tools-for-stm32.10.3-2021.10.win32_1.0.200.202301161003/tools/bin/../lib/gcc/arm-none-eabi/10.3.1/../../../../arm-none-eabi/lib/thumb/v7e-m+fp/hard\libc_nano.a(lib_a-mlock.o)
 .ARM.attributes
                0x0000000000000798       0x34 c:/st/stm32cubeide_1.12.1/stm32cubeide/plugins/com.st.stm32cube.ide.mcu.externaltools.gnu-tools-for-stm32.10.3-2021.10.win32_1.0.200.202301161003/tools/bin/../lib/gcc/arm-none-eabi/10.3.1/../../../../arm-none-eabi/lib/thumb/v7e-m+fp/hard\libc_nano.a(lib_a-nano-msizer.o)
 .ARM.attributes
                0x00000000000007cc       0x34 c:/st/stm32cubeide_1.12.1/stm32cubeide/plugins/com.st.stm32cube.ide.mcu.externaltools.gnu-tools-for-stm32.10.3-2021.10.win32_1.0.200.202301161003/tools/bin/../lib/gcc/arm-none-eabi/10.3.1/../../../../arm-none-eabi/lib/thumb/v7e-m+fp/hard\libc_nano.a(lib_a-reent.o)
 .ARM.attributes
                0x0000000000000800       0x34 c:/st/stm32cubeide_1.12.1/stm32cubeide/plugins/com.st.stm32cube.ide.mcu.externaltools.gnu-tools-for-stm32.10.3-2021.10.win32_1.0.200.202301161003/tools/bin/../lib/gcc/arm-none-eabi/10.3.1/../../../../arm-none-eabi/lib/thumb/v7e-m+fp/hard\libc_nano.a(lib_a-lock.o)
 .ARM.attributes
                0x0000000000000834       0x34 c:/st/stm32cubeide_1.12.1/stm32cubeide/plugins/com.st.stm32cube.ide.mcu.externaltools.gnu-tools-for-stm32.10.3-2021.10.win32_1.0.200.202301161003/tools/bin/../lib/gcc/arm-none-eabi/10.3.1/../../../../arm-none-eabi/lib/thumb/v7e-m+fp/hard\libm.a(lib_a-w_pow.o)
 .ARM.attributes
                0x0000000000000868       0x34 c:/st/stm32cubeide_1.12.1/stm32cubeide/plugins/com.st.stm32cube.ide.mcu.externaltools.gnu-tools-for-stm32.10.3-2021.10.win32_1.0.200.202301161003/tools/bin/../lib/gcc/arm-none-eabi/10.3.1/../../../../arm-none-eabi/lib/thumb/v7e-m+fp/hard\libm.a(lib_a-wf_sqrt.o)
 .ARM.attributes
                0x000000000000089c       0x34 c:/st/stm32cubeide_1.12.1/stm32cubeide/plugins/com.st.stm32cube.ide.mcu.externaltools.gnu-tools-for-stm32.10.3-2021.10.win32_1.0.200.202301161003/tools/bin/../lib/gcc/arm-none-eabi/10.3.1/../../../../arm-none-eabi/lib/thumb/v7e-m+fp/hard\libm.a(lib_a-e_pow.o)
 .ARM.attributes
                0x00000000000008d0       0x34 c:/st/stm32cubeide_1.12.1/stm32cubeide/plugins/com.st.stm32cube.ide.mcu.externaltools.gnu-tools-for-stm32.10.3-2021.10.win32_1.0.200.202301161003/tools/bin/../lib/gcc/arm-none-eabi/10.3.1/../../../../arm-none-eabi/lib/thumb/v7e-m+fp/hard\libm.a(lib_a-e_sqrt.o)
 .ARM.attributes
                0x0000000000000904       0x34 c:/st/stm32cubeide_1.12.1/stm32cubeide/plugins/com.st.stm32cube.ide.mcu.externaltools.gnu-tools-for-stm32.10.3-2021.10.win32_1.0.200.202301161003/tools/bin/../lib/gcc/arm-none-eabi/10.3.1/../../../../arm-none-eabi/lib/thumb/v7e-m+fp/hard\libm.a(lib_a-ef_sqrt.o)
 .ARM.attributes
                0x0000000000000938       0x34 c:/st/stm32cubeide_1.12.1/stm32cubeide/plugins/com.st.stm32cube.ide.mcu.externaltools.gnu-tools-for-stm32.10.3-2021.10.win32_1.0.200.202301161003/tools/bin/../lib/gcc/arm-none-eabi/10.3.1/../../../../arm-none-eabi/lib/thumb/v7e-m+fp/hard\libm.a(lib_a-math_err.o)
 .ARM.attributes
                0x000000000000096c       0x34 c:/st/stm32cubeide_1.12.1/stm32cubeide/plugins/com.st.stm32cube.ide.mcu.externaltools.gnu-tools-for-stm32.10.3-2021.10.win32_1.0.200.202301161003/tools/bin/../lib/gcc/arm-none-eabi/10.3.1/../../../../arm-none-eabi/lib/thumb/v7e-m+fp/hard\libm.a(lib_a-s_fabs.o)
 .ARM.attributes
                0x00000000000009a0       0x34 c:/st/stm32cubeide_1.12.1/stm32cubeide/plugins/com.st.stm32cube.ide.mcu.externaltools.gnu-tools-for-stm32.10.3-2021.10.win32_1.0.200.202301161003/tools/bin/../lib/gcc/arm-none-eabi/10.3.1/../../../../arm-none-eabi/lib/thumb/v7e-m+fp/hard\libm.a(lib_a-s_finite.o)
 .ARM.attributes
                0x00000000000009d4       0x34 c:/st/stm32cubeide_1.12.1/stm32cubeide/plugins/com.st.stm32cube.ide.mcu.externaltools.gnu-tools-for-stm32.10.3-2021.10.win32_1.0.200.202301161003/tools/bin/../lib/gcc/arm-none-eabi/10.3.1/../../../../arm-none-eabi/lib/thumb/v7e-m+fp/hard\libm.a(lib_a-s_scalbn.o)
 .ARM.attributes
                0x0000000000000a08       0x1e c:/st/stm32cubeide_1.12.1/stm32cubeide/plugins/com.st.stm32cube.ide.mcu.externaltools.gnu-tools-for-stm32.10.3-2021.10.win32_1.0.200.202301161003/tools/bin/../lib/gcc/arm-none-eabi/10.3.1/thumb/v7e-m+fp/hard\libgcc.a(_arm_addsubdf3.o)
 .ARM.attributes
                0x0000000000000a26       0x1e c:/st/stm32cubeide_1.12.1/stm32cubeide/plugins/com.st.stm32cube.ide.mcu.externaltools.gnu-tools-for-stm32.10.3-2021.10.win32_1.0.200.202301161003/tools/bin/../lib/gcc/arm-none-eabi/10.3.1/thumb/v7e-m+fp/hard\libgcc.a(_arm_muldivdf3.o)
 .ARM.attributes
                0x0000000000000a44       0x1e c:/st/stm32cubeide_1.12.1/stm32cubeide/plugins/com.st.stm32cube.ide.mcu.externaltools.gnu-tools-for-stm32.10.3-2021.10.win32_1.0.200.202301161003/tools/bin/../lib/gcc/arm-none-eabi/10.3.1/thumb/v7e-m+fp/hard\libgcc.a(_arm_cmpdf2.o)
 .ARM.attributes
                0x0000000000000a62       0x1e c:/st/stm32cubeide_1.12.1/stm32cubeide/plugins/com.st.stm32cube.ide.mcu.externaltools.gnu-tools-for-stm32.10.3-2021.10.win32_1.0.200.202301161003/tools/bin/../lib/gcc/arm-none-eabi/10.3.1/thumb/v7e-m+fp/hard\libgcc.a(_arm_unorddf2.o)
 .ARM.attributes
                0x0000000000000a80       0x1e c:/st/stm32cubeide_1.12.1/stm32cubeide/plugins/com.st.stm32cube.ide.mcu.externaltools.gnu-tools-for-stm32.10.3-2021.10.win32_1.0.200.202301161003/tools/bin/../lib/gcc/arm-none-eabi/10.3.1/thumb/v7e-m+fp/hard\libgcc.a(_arm_truncdfsf2.o)
 .ARM.attributes
                0x0000000000000a9e       0x1e c:/st/stm32cubeide_1.12.1/stm32cubeide/plugins/com.st.stm32cube.ide.mcu.externaltools.gnu-tools-for-stm32.10.3-2021.10.win32_1.0.200.202301161003/tools/bin/../lib/gcc/arm-none-eabi/10.3.1/thumb/v7e-m+fp/hard\libgcc.a(_aeabi_uldivmod.o)
 .ARM.attributes
                0x0000000000000abc       0x34 c:/st/stm32cubeide_1.12.1/stm32cubeide/plugins/com.st.stm32cube.ide.mcu.externaltools.gnu-tools-for-stm32.10.3-2021.10.win32_1.0.200.202301161003/tools/bin/../lib/gcc/arm-none-eabi/10.3.1/thumb/v7e-m+fp/hard\libgcc.a(_udivmoddi4.o)
 .ARM.attributes
                0x0000000000000af0       0x1e c:/st/stm32cubeide_1.12.1/stm32cubeide/plugins/com.st.stm32cube.ide.mcu.externaltools.gnu-tools-for-stm32.10.3-2021.10.win32_1.0.200.202301161003/tools/bin/../lib/gcc/arm-none-eabi/10.3.1/thumb/v7e-m+fp/hard\libgcc.a(_dvmd_tls.o)
 .ARM.attributes
                0x0000000000000b0e       0x1e c:/st/stm32cubeide_1.12.1/stm32cubeide/plugins/com.st.stm32cube.ide.mcu.externaltools.gnu-tools-for-stm32.10.3-2021.10.win32_1.0.200.202301161003/tools/bin/../lib/gcc/arm-none-eabi/10.3.1/thumb/v7e-m+fp/hard/crtn.o
OUTPUT(Tuner_STM32.elf elf32-littlearm)
LOAD linker stubs
LOAD c:/st/stm32cubeide_1.12.1/stm32cubeide/plugins/com.st.stm32cube.ide.mcu.externaltools.gnu-tools-for-stm32.10.3-2021.10.win32_1.0.200.202301161003/tools/bin/../lib/gcc/arm-none-eabi/10.3.1/../../../../arm-none-eabi/lib/thumb/v7e-m+fp/hard\libc.a
LOAD c:/st/stm32cubeide_1.12.1/stm32cubeide/plugins/com.st.stm32cube.ide.mcu.externaltools.gnu-tools-for-stm32.10.3-2021.10.win32_1.0.200.202301161003/tools/bin/../lib/gcc/arm-none-eabi/10.3.1/../../../../arm-none-eabi/lib/thumb/v7e-m+fp/hard\libm.a
LOAD c:/st/stm32cubeide_1.12.1/stm32cubeide/plugins/com.st.stm32cube.ide.mcu.externaltools.gnu-tools-for-stm32.10.3-2021.10.win32_1.0.200.202301161003/tools/bin/../lib/gcc/arm-none-eabi/10.3.1/thumb/v7e-m+fp/hard\libgcc.a

.debug_info     0x0000000000000000     0xf615
 .debug_info    0x0000000000000000      0x8ca ./Core/Src/i2c-lcd.o
 .debug_info    0x00000000000008ca     0x1b2c ./Core/Src/main.o
 .debug_info    0x00000000000023f6     0x1050 ./Core/Src/stm32f4xx_hal_msp.o
 .debug_info    0x0000000000003446      0x3e4 ./Core/Src/stm32f4xx_it.o
 .debug_info    0x000000000000382a      0x171 ./Core/Src/sysmem.o
 .debug_info    0x000000000000399b      0x54f ./Core/Src/system_stm32f4xx.o
 .debug_info    0x0000000000003eea       0x22 ./Core/Startup/startup_stm32f411retx.o
 .debug_info    0x0000000000003f0c      0x90d ./Drivers/STM32F4xx_HAL_Driver/Src/stm32f4xx_hal.o
 .debug_info    0x0000000000004819      0xd68 ./Drivers/STM32F4xx_HAL_Driver/Src/stm32f4xx_hal_adc.o
 .debug_info    0x0000000000005581      0xd8b ./Drivers/STM32F4xx_HAL_Driver/Src/stm32f4xx_hal_cortex.o
 .debug_info    0x000000000000630c      0x947 ./Drivers/STM32F4xx_HAL_Driver/Src/stm32f4xx_hal_dma.o
 .debug_info    0x0000000000006c53      0x78e ./Drivers/STM32F4xx_HAL_Driver/Src/stm32f4xx_hal_gpio.o
 .debug_info    0x00000000000073e1     0x260f ./Drivers/STM32F4xx_HAL_Driver/Src/stm32f4xx_hal_i2c.o
 .debug_info    0x00000000000099f0      0x98d ./Drivers/STM32F4xx_HAL_Driver/Src/stm32f4xx_hal_rcc.o
 .debug_info    0x000000000000a37d     0x31b4 ./Drivers/STM32F4xx_HAL_Driver/Src/stm32f4xx_hal_uart.o
 .debug_info    0x000000000000d531      0x4c3 C:\Users\DELL\STM32CubeIDE\workspace_1.12.1\Tuner_STM32\Lib\libarm_cortexM4lf_math.a(arm_rfft_fast_init_f32.o)
 .debug_info    0x000000000000d9f4      0x72d C:\Users\DELL\STM32CubeIDE\workspace_1.12.1\Tuner_STM32\Lib\libarm_cortexM4lf_math.a(arm_rfft_fast_f32.o)
 .debug_info    0x000000000000e121      0x6b9 C:\Users\DELL\STM32CubeIDE\workspace_1.12.1\Tuner_STM32\Lib\libarm_cortexM4lf_math.a(arm_cfft_f32.o)
 .debug_info    0x000000000000e7da      0x99d C:\Users\DELL\STM32CubeIDE\workspace_1.12.1\Tuner_STM32\Lib\libarm_cortexM4lf_math.a(arm_common_tables.o)
 .debug_info    0x000000000000f177       0x85 C:\Users\DELL\STM32CubeIDE\workspace_1.12.1\Tuner_STM32\Lib\libarm_cortexM4lf_math.a(arm_bitreversal2.o)
 .debug_info    0x000000000000f1fc      0x419 C:\Users\DELL\STM32CubeIDE\workspace_1.12.1\Tuner_STM32\Lib\libarm_cortexM4lf_math.a(arm_cfft_radix8_f32.o)

.debug_abbrev   0x0000000000000000     0x238c
 .debug_abbrev  0x0000000000000000      0x1ef ./Core/Src/i2c-lcd.o
 .debug_abbrev  0x00000000000001ef      0x3a7 ./Core/Src/main.o
 .debug_abbrev  0x0000000000000596      0x205 ./Core/Src/stm32f4xx_hal_msp.o
 .debug_abbrev  0x000000000000079b      0x130 ./Core/Src/stm32f4xx_it.o
 .debug_abbrev  0x00000000000008cb       0xbb ./Core/Src/sysmem.o
 .debug_abbrev  0x0000000000000986      0x116 ./Core/Src/system_stm32f4xx.o
 .debug_abbrev  0x0000000000000a9c       0x12 ./Core/Startup/startup_stm32f411retx.o
 .debug_abbrev  0x0000000000000aae      0x23e ./Drivers/STM32F4xx_HAL_Driver/Src/stm32f4xx_hal.o
 .debug_abbrev  0x0000000000000cec      0x204 ./Drivers/STM32F4xx_HAL_Driver/Src/stm32f4xx_hal_adc.o
 .debug_abbrev  0x0000000000000ef0      0x316 ./Drivers/STM32F4xx_HAL_Driver/Src/stm32f4xx_hal_cortex.o
 .debug_abbrev  0x0000000000001206      0x21b ./Drivers/STM32F4xx_HAL_Driver/Src/stm32f4xx_hal_dma.o
 .debug_abbrev  0x0000000000001421      0x1c4 ./Drivers/STM32F4xx_HAL_Driver/Src/stm32f4xx_hal_gpio.o
 .debug_abbrev  0x00000000000015e5      0x2a8 ./Drivers/STM32F4xx_HAL_Driver/Src/stm32f4xx_hal_i2c.o
 .debug_abbrev  0x000000000000188d      0x2aa ./Drivers/STM32F4xx_HAL_Driver/Src/stm32f4xx_hal_rcc.o
 .debug_abbrev  0x0000000000001b37      0x305 ./Drivers/STM32F4xx_HAL_Driver/Src/stm32f4xx_hal_uart.o
 .debug_abbrev  0x0000000000001e3c       0xfd C:\Users\DELL\STM32CubeIDE\workspace_1.12.1\Tuner_STM32\Lib\libarm_cortexM4lf_math.a(arm_rfft_fast_init_f32.o)
 .debug_abbrev  0x0000000000001f39      0x188 C:\Users\DELL\STM32CubeIDE\workspace_1.12.1\Tuner_STM32\Lib\libarm_cortexM4lf_math.a(arm_rfft_fast_f32.o)
 .debug_abbrev  0x00000000000020c1      0x18b C:\Users\DELL\STM32CubeIDE\workspace_1.12.1\Tuner_STM32\Lib\libarm_cortexM4lf_math.a(arm_cfft_f32.o)
 .debug_abbrev  0x000000000000224c       0x84 C:\Users\DELL\STM32CubeIDE\workspace_1.12.1\Tuner_STM32\Lib\libarm_cortexM4lf_math.a(arm_common_tables.o)
 .debug_abbrev  0x00000000000022d0       0x14 C:\Users\DELL\STM32CubeIDE\workspace_1.12.1\Tuner_STM32\Lib\libarm_cortexM4lf_math.a(arm_bitreversal2.o)
 .debug_abbrev  0x00000000000022e4       0xa8 C:\Users\DELL\STM32CubeIDE\workspace_1.12.1\Tuner_STM32\Lib\libarm_cortexM4lf_math.a(arm_cfft_radix8_f32.o)

.debug_aranges  0x0000000000000000      0xbf8
 .debug_aranges
                0x0000000000000000       0x58 ./Core/Src/i2c-lcd.o
 .debug_aranges
                0x0000000000000058       0xa0 ./Core/Src/main.o
 .debug_aranges
                0x00000000000000f8       0x50 ./Core/Src/stm32f4xx_hal_msp.o
 .debug_aranges
                0x0000000000000148       0x68 ./Core/Src/stm32f4xx_it.o
 .debug_aranges
                0x00000000000001b0       0x20 ./Core/Src/sysmem.o
 .debug_aranges
                0x00000000000001d0       0x28 ./Core/Src/system_stm32f4xx.o
 .debug_aranges
                0x00000000000001f8       0x28 ./Core/Startup/startup_stm32f411retx.o
 .debug_aranges
                0x0000000000000220       0xf0 ./Drivers/STM32F4xx_HAL_Driver/Src/stm32f4xx_hal.o
 .debug_aranges
                0x0000000000000310       0xe8 ./Drivers/STM32F4xx_HAL_Driver/Src/stm32f4xx_hal_adc.o
 .debug_aranges
                0x00000000000003f8      0x118 ./Drivers/STM32F4xx_HAL_Driver/Src/stm32f4xx_hal_cortex.o
 .debug_aranges
                0x0000000000000510       0x90 ./Drivers/STM32F4xx_HAL_Driver/Src/stm32f4xx_hal_dma.o
 .debug_aranges
                0x00000000000005a0       0x58 ./Drivers/STM32F4xx_HAL_Driver/Src/stm32f4xx_hal_gpio.o
 .debug_aranges
                0x00000000000005f8      0x2a0 ./Drivers/STM32F4xx_HAL_Driver/Src/stm32f4xx_hal_i2c.o
 .debug_aranges
                0x0000000000000898       0x88 ./Drivers/STM32F4xx_HAL_Driver/Src/stm32f4xx_hal_rcc.o
 .debug_aranges
                0x0000000000000920      0x200 ./Drivers/STM32F4xx_HAL_Driver/Src/stm32f4xx_hal_uart.o
 .debug_aranges
                0x0000000000000b20       0x20 C:\Users\DELL\STM32CubeIDE\workspace_1.12.1\Tuner_STM32\Lib\libarm_cortexM4lf_math.a(arm_rfft_fast_init_f32.o)
 .debug_aranges
                0x0000000000000b40       0x30 C:\Users\DELL\STM32CubeIDE\workspace_1.12.1\Tuner_STM32\Lib\libarm_cortexM4lf_math.a(arm_rfft_fast_f32.o)
 .debug_aranges
                0x0000000000000b70       0x30 C:\Users\DELL\STM32CubeIDE\workspace_1.12.1\Tuner_STM32\Lib\libarm_cortexM4lf_math.a(arm_cfft_f32.o)
 .debug_aranges
                0x0000000000000ba0       0x18 C:\Users\DELL\STM32CubeIDE\workspace_1.12.1\Tuner_STM32\Lib\libarm_cortexM4lf_math.a(arm_common_tables.o)
 .debug_aranges
                0x0000000000000bb8       0x20 C:\Users\DELL\STM32CubeIDE\workspace_1.12.1\Tuner_STM32\Lib\libarm_cortexM4lf_math.a(arm_bitreversal2.o)
 .debug_aranges
                0x0000000000000bd8       0x20 C:\Users\DELL\STM32CubeIDE\workspace_1.12.1\Tuner_STM32\Lib\libarm_cortexM4lf_math.a(arm_cfft_radix8_f32.o)

.debug_ranges   0x0000000000000000      0xae0
 .debug_ranges  0x0000000000000000       0x48 ./Core/Src/i2c-lcd.o
 .debug_ranges  0x0000000000000048       0x90 ./Core/Src/main.o
 .debug_ranges  0x00000000000000d8       0x40 ./Core/Src/stm32f4xx_hal_msp.o
 .debug_ranges  0x0000000000000118       0x58 ./Core/Src/stm32f4xx_it.o
 .debug_ranges  0x0000000000000170       0x10 ./Core/Src/sysmem.o
 .debug_ranges  0x0000000000000180       0x18 ./Core/Src/system_stm32f4xx.o
 .debug_ranges  0x0000000000000198       0x20 ./Core/Startup/startup_stm32f411retx.o
 .debug_ranges  0x00000000000001b8       0xe0 ./Drivers/STM32F4xx_HAL_Driver/Src/stm32f4xx_hal.o
 .debug_ranges  0x0000000000000298       0xd8 ./Drivers/STM32F4xx_HAL_Driver/Src/stm32f4xx_hal_adc.o
 .debug_ranges  0x0000000000000370      0x108 ./Drivers/STM32F4xx_HAL_Driver/Src/stm32f4xx_hal_cortex.o
 .debug_ranges  0x0000000000000478       0x80 ./Drivers/STM32F4xx_HAL_Driver/Src/stm32f4xx_hal_dma.o
 .debug_ranges  0x00000000000004f8       0x48 ./Drivers/STM32F4xx_HAL_Driver/Src/stm32f4xx_hal_gpio.o
 .debug_ranges  0x0000000000000540      0x2a8 ./Drivers/STM32F4xx_HAL_Driver/Src/stm32f4xx_hal_i2c.o
 .debug_ranges  0x00000000000007e8       0x78 ./Drivers/STM32F4xx_HAL_Driver/Src/stm32f4xx_hal_rcc.o
 .debug_ranges  0x0000000000000860      0x220 ./Drivers/STM32F4xx_HAL_Driver/Src/stm32f4xx_hal_uart.o
 .debug_ranges  0x0000000000000a80       0x10 C:\Users\DELL\STM32CubeIDE\workspace_1.12.1\Tuner_STM32\Lib\libarm_cortexM4lf_math.a(arm_rfft_fast_init_f32.o)
 .debug_ranges  0x0000000000000a90       0x20 C:\Users\DELL\STM32CubeIDE\workspace_1.12.1\Tuner_STM32\Lib\libarm_cortexM4lf_math.a(arm_rfft_fast_f32.o)
 .debug_ranges  0x0000000000000ab0       0x20 C:\Users\DELL\STM32CubeIDE\workspace_1.12.1\Tuner_STM32\Lib\libarm_cortexM4lf_math.a(arm_cfft_f32.o)
 .debug_ranges  0x0000000000000ad0       0x10 C:\Users\DELL\STM32CubeIDE\workspace_1.12.1\Tuner_STM32\Lib\libarm_cortexM4lf_math.a(arm_cfft_radix8_f32.o)

.debug_macro    0x0000000000000000    0x1773b
 .debug_macro   0x0000000000000000      0x205 ./Core/Src/i2c-lcd.o
 .debug_macro   0x0000000000000205      0xa78 ./Core/Src/i2c-lcd.o
 .debug_macro   0x0000000000000c7d      0x2a1 ./Core/Src/i2c-lcd.o
 .debug_macro   0x0000000000000f1e       0x2e ./Core/Src/i2c-lcd.o
 .debug_macro   0x0000000000000f4c       0x28 ./Core/Src/i2c-lcd.o
 .debug_macro   0x0000000000000f74       0x22 ./Core/Src/i2c-lcd.o
 .debug_macro   0x0000000000000f96       0x8e ./Core/Src/i2c-lcd.o
 .debug_macro   0x0000000000001024       0x51 ./Core/Src/i2c-lcd.o
 .debug_macro   0x0000000000001075      0x103 ./Core/Src/i2c-lcd.o
 .debug_macro   0x0000000000001178       0x6a ./Core/Src/i2c-lcd.o
 .debug_macro   0x00000000000011e2      0x1df ./Core/Src/i2c-lcd.o
 .debug_macro   0x00000000000013c1       0x1c ./Core/Src/i2c-lcd.o
 .debug_macro   0x00000000000013dd       0x22 ./Core/Src/i2c-lcd.o
 .debug_macro   0x00000000000013ff       0xd9 ./Core/Src/i2c-lcd.o
 .debug_macro   0x00000000000014d8     0x102d ./Core/Src/i2c-lcd.o
 .debug_macro   0x0000000000002505      0x11f ./Core/Src/i2c-lcd.o
 .debug_macro   0x0000000000002624     0xb953 ./Core/Src/i2c-lcd.o
 .debug_macro   0x000000000000df77       0x6d ./Core/Src/i2c-lcd.o
 .debug_macro   0x000000000000dfe4     0x367e ./Core/Src/i2c-lcd.o
 .debug_macro   0x0000000000011662      0x174 ./Core/Src/i2c-lcd.o
 .debug_macro   0x00000000000117d6       0x5c ./Core/Src/i2c-lcd.o
 .debug_macro   0x0000000000011832      0x447 ./Core/Src/i2c-lcd.o
 .debug_macro   0x0000000000011c79      0x9fe ./Core/Src/i2c-lcd.o
 .debug_macro   0x0000000000012677      0x115 ./Core/Src/i2c-lcd.o
 .debug_macro   0x000000000001278c      0x11b ./Core/Src/i2c-lcd.o
 .debug_macro   0x00000000000128a7       0xa5 ./Core/Src/i2c-lcd.o
 .debug_macro   0x000000000001294c      0x15f ./Core/Src/i2c-lcd.o
 .debug_macro   0x0000000000012aab      0x287 ./Core/Src/i2c-lcd.o
 .debug_macro   0x0000000000012d32       0x5f ./Core/Src/i2c-lcd.o
 .debug_macro   0x0000000000012d91      0x236 ./Core/Src/i2c-lcd.o
 .debug_macro   0x0000000000012fc7      0x9e1 ./Core/Src/i2c-lcd.o
 .debug_macro   0x00000000000139a8      0x38b ./Core/Src/i2c-lcd.o
 .debug_macro   0x0000000000013d33      0x17d ./Core/Src/i2c-lcd.o
 .debug_macro   0x0000000000013eb0       0xf9 ./Core/Src/i2c-lcd.o
 .debug_macro   0x0000000000013fa9      0x132 ./Core/Src/i2c-lcd.o
 .debug_macro   0x00000000000140db      0x264 ./Core/Src/i2c-lcd.o
 .debug_macro   0x000000000001433f       0x2e ./Core/Src/i2c-lcd.o
 .debug_macro   0x000000000001436d      0x1b5 ./Core/Src/i2c-lcd.o
 .debug_macro   0x0000000000014522       0x22 ./Core/Src/i2c-lcd.o
 .debug_macro   0x0000000000014544       0xd6 ./Core/Src/i2c-lcd.o
 .debug_macro   0x000000000001461a      0x11a ./Core/Src/i2c-lcd.o
 .debug_macro   0x0000000000014734       0x85 ./Core/Src/i2c-lcd.o
 .debug_macro   0x00000000000147b9       0x89 ./Core/Src/i2c-lcd.o
 .debug_macro   0x0000000000014842      0x295 ./Core/Src/i2c-lcd.o
 .debug_macro   0x0000000000014ad7      0x126 ./Core/Src/i2c-lcd.o
 .debug_macro   0x0000000000014bfd      0x3d8 ./Core/Src/main.o
 .debug_macro   0x0000000000014fd5       0x52 ./Core/Src/main.o
 .debug_macro   0x0000000000015027       0x1e ./Core/Src/main.o
 .debug_macro   0x0000000000015045       0x3c ./Core/Src/main.o
 .debug_macro   0x0000000000015081       0x34 ./Core/Src/main.o
 .debug_macro   0x00000000000150b5       0x16 ./Core/Src/main.o
 .debug_macro   0x00000000000150cb       0x35 ./Core/Src/main.o
 .debug_macro   0x0000000000015100      0x341 ./Core/Src/main.o
 .debug_macro   0x0000000000015441       0x10 ./Core/Src/main.o
 .debug_macro   0x0000000000015451       0x16 ./Core/Src/main.o
 .debug_macro   0x0000000000015467       0x43 ./Core/Src/main.o
 .debug_macro   0x00000000000154aa       0x34 ./Core/Src/main.o
 .debug_macro   0x00000000000154de       0x10 ./Core/Src/main.o