../Core/Src/main.c:90:7:calculateSamplingRate	40	static
../Core/Src/main.c:104:6:HAL_ADC_ConvCpltCallback	16	static
../Core/Src/main.c:110:6:HAL_ADC_ConvHalfCpltCallback	16	static
../Core/Src/main.c:116:6:Processing	16	static
../Core/Src/main.c:128:6:freqCalculate	32	static
../Core/Src/main.c:156:7:calculateNoteFrequency	32	static
../Core/Src/main.c:161:6:generateFrequencyArray	16	static
../Core/Src/main.c:171:6:findClosestNote	112	static
../Core/Src/main.c:202:6:lcd_tunerDisplay	8	static
../Core/Src/main.c:227:5:main	8	static
../Core/Src/main.c:289:6:SystemClock_Config	88	static
../Core/Src/main.c:335:13:MX_ADC1_Init	24	static
../Core/Src/main.c:387:13:MX_I2C2_Init	8	static
../Core/Src/main.c:421:13:MX_USART2_UART_Init	8	static
../Core/Src/main.c:452:13:MX_DMA_Init	16	static
../Core/Src/main.c:470:13:MX_GPIO_Init	40	static
../Core/Src/main.c:503:6:Error_Handler	4	static,ignoring_inline_asm
